Component: Arm Compiler for Embedded 6.24 Tool: armlink [5f371500]

==============================================================================

Section Cross References

    startup_stm32l010x4.o(STACK) refers (Special) to heapauxi.o(.text) for __use_two_region_memory
    startup_stm32l010x4.o(HEAP) refers (Special) to heapauxi.o(.text) for __use_two_region_memory
    startup_stm32l010x4.o(RESET) refers (Special) to heapauxi.o(.text) for __use_two_region_memory
    startup_stm32l010x4.o(RESET) refers to startup_stm32l010x4.o(STACK) for __initial_sp
    startup_stm32l010x4.o(RESET) refers to startup_stm32l010x4.o(.text) for Reset_Handler
    startup_stm32l010x4.o(RESET) refers to stm32l0xx_it.o(.text.NMI_Handler) for NMI_Handler
    startup_stm32l010x4.o(RESET) refers to stm32l0xx_it.o(.text.HardFault_Handler) for HardFault_Handler
    startup_stm32l010x4.o(RESET) refers to stm32l0xx_it.o(.text.SVC_Handler) for SVC_Handler
    startup_stm32l010x4.o(RESET) refers to stm32l0xx_it.o(.text.PendSV_Handler) for PendSV_Handler
    startup_stm32l010x4.o(RESET) refers to stm32l0xx_it.o(.text.SysTick_Handler) for SysTick_Handler
    startup_stm32l010x4.o(RESET) refers to stm32l0xx_it.o(.text.EXTI4_15_IRQHandler) for EXTI4_15_IRQHandler
    startup_stm32l010x4.o(RESET) refers to stm32l0xx_it.o(.text.TIM2_IRQHandler) for TIM2_IRQHandler
    startup_stm32l010x4.o(.text) refers (Special) to heapauxi.o(.text) for __use_two_region_memory
    startup_stm32l010x4.o(.text) refers to startup_stm32l010x4.o(STACK) for __initial_sp
    startup_stm32l010x4.o(.text) refers to system_stm32l0xx.o(.text.SystemInit) for SystemInit
    startup_stm32l010x4.o(.text) refers to __main.o(!!!main) for __main
    startup_stm32l010x4.o(.text) refers to startup_stm32l010x4.o(HEAP) for Heap_Mem
    main.o(.text.main) refers to stm32l0xx_hal.o(.text.HAL_Init) for HAL_Init
    main.o(.text.main) refers to main.o(.text.SystemClock_Config) for SystemClock_Config
    main.o(.text.main) refers to gpio.o(.text.MX_GPIO_Init) for MX_GPIO_Init
    main.o(.text.main) refers to stm32l0xx_hal_gpio.o(.text.HAL_GPIO_WritePin) for HAL_GPIO_WritePin
    main.o(.text.main) refers to i2c.o(.text.MX_I2C1_Init) for MX_I2C1_Init
    main.o(.text.main) refers to spi.o(.text.MX_SPI1_Init) for MX_SPI1_Init
    main.o(.text.main) refers to adc.o(.text.MX_ADC_Init) for MX_ADC_Init
    main.o(.text.main) refers to tim.o(.text.MX_TIM21_Init) for MX_TIM21_Init
    main.o(.text.main) refers to tim.o(.text.MX_TIM2_Init) for MX_TIM2_Init
    main.o(.text.main) refers to iwdg.o(.text.MX_IWDG_Init) for MX_IWDG_Init
    main.o(.text.main) refers to stm32l0xx_hal_tim.o(.text.HAL_TIM_Encoder_Start) for HAL_TIM_Encoder_Start
    main.o(.text.main) refers to oled.o(.text.OLED_Init) for OLED_Init
    main.o(.text.main) refers to oled.o(.text.OLED_Clear) for OLED_Clear
    main.o(.text.main) refers to oled.o(.text.OLED_WriteCmd) for OLED_WriteCmd
    main.o(.text.main) refers to wheel.o(.text.wheel_init) for wheel_init
    main.o(.text.main) refers to stm32l0xx_hal_iwdg.o(.text.HAL_IWDG_Refresh) for HAL_IWDG_Refresh
    main.o(.text.main) refers to main.o(.text.power_handler) for power_handler
    main.o(.text.main) refers to wheel.o(.text.wheel_update) for wheel_update
    main.o(.text.main) refers to resistor_calculate.o(.text.resistor_calculate) for resistor_calculate
    main.o(.text.main) refers to stm32l0xx_hal_spi.o(.text.HAL_SPI_Transmit) for HAL_SPI_Transmit
    main.o(.text.main) refers to aeabi_sdivfast.o(.text_divfast) for __aeabi_idiv
    main.o(.text.main) refers to aeabi_sdivfast.o(.text) for __aeabi_idivmod
    main.o(.text.main) refers to oled.o(.text.OLED_ShowNum32) for OLED_ShowNum32
    main.o(.text.main) refers to tim.o(.bss.htim21) for htim21
    main.o(.text.main) refers to main.o(.data.data) for data
    main.o(.text.main) refers to main.o(.bss..L_MergedGlobals) for [Anonymous Symbol]
    main.o(.text.main) refers to spi.o(.bss.hspi1) for hspi1
    main.o(.text.main) refers to iwdg.o(.bss.hiwdg) for hiwdg
    main.o(.ARM.exidx.text.main) refers to main.o(.text.main) for [Anonymous Symbol]
    main.o(.text.SystemClock_Config) refers to rt_memclr.o(.text) for __aeabi_memclr4
    main.o(.text.SystemClock_Config) refers to stm32l0xx_hal_rcc.o(.text.HAL_RCC_OscConfig) for HAL_RCC_OscConfig
    main.o(.text.SystemClock_Config) refers to stm32l0xx_hal_rcc.o(.text.HAL_RCC_ClockConfig) for HAL_RCC_ClockConfig
    main.o(.text.SystemClock_Config) refers to stm32l0xx_hal_rcc_ex.o(.text.HAL_RCCEx_PeriphCLKConfig) for HAL_RCCEx_PeriphCLKConfig
    main.o(.ARM.exidx.text.SystemClock_Config) refers to main.o(.text.SystemClock_Config) for [Anonymous Symbol]
    main.o(.text.power_handler) refers to stm32l0xx_hal_tim.o(.text.HAL_TIM_Base_Stop_IT) for HAL_TIM_Base_Stop_IT
    main.o(.text.power_handler) refers to oled.o(.text.OLED_WriteCmd) for OLED_WriteCmd
    main.o(.text.power_handler) refers to stm32l0xx_hal_tim.o(.text.HAL_TIM_Base_Start_IT) for HAL_TIM_Base_Start_IT
[...]
    Removing oled.o(.ARM.exidx.text.OLED_Init), (8 bytes).
    Removing oled.o(.ARM.exidx.text.OLED_Clear), (8 bytes).
    Removing oled.o(.ARM.exidx.text.OLED_ShowNum32), (8 bytes).
    Removing oled.o(.ARM.exidx.text.OLED_ShowDot), (8 bytes).
    Removing oled.o(.ARM.exidx.text.OLED_PutChar), (8 bytes).
    Removing wheel.o(.text), (0 bytes).
    Removing wheel.o(.ARM.exidx.text.wheel_init), (8 bytes).
    Removing wheel.o(.ARM.exidx.text.wheel_update), (8 bytes).
    Removing resistor_calculate.o(.text), (0 bytes).
    Removing resistor_calculate.o(.ARM.exidx.text.resistor_calculate), (8 bytes).

879 unused section(s) (total 45856 bytes) removed from the image.

==============================================================================

Image Symbol Table

    Local Symbols

    Symbol Name                              Value     Ov Type        Size  Object(Section)

    ../clib/angel/boardlib.s                 0x00000000   Number         0  boardinit1.o ABSOLUTE
    ../clib/angel/boardlib.s                 0x00000000   Number         0  boardinit2.o ABSOLUTE
    ../clib/angel/boardlib.s                 0x00000000   Number         0  boardinit3.o ABSOLUTE
    ../clib/angel/boardlib.s                 0x00000000   Number         0  boardshut.o ABSOLUTE
    ../clib/angel/handlers.s                 0x00000000   Number         0  __scatter_copy.o ABSOLUTE
    ../clib/angel/handlers.s                 0x00000000   Number         0  __scatter_zi.o ABSOLUTE
    ../clib/angel/kernel.s                   0x00000000   Number         0  __rtentry.o ABSOLUTE
    ../clib/angel/kernel.s                   0x00000000   Number         0  __rtentry2.o ABSOLUTE
    ../clib/angel/kernel.s                   0x00000000   Number         0  __rtentry4.o ABSOLUTE
    ../clib/angel/kernel.s                   0x00000000   Number         0  rtexit.o ABSOLUTE
    ../clib/angel/kernel.s                   0x00000000   Number         0  rtexit2.o ABSOLUTE
    ../clib/angel/rt.s                       0x00000000   Number         0  aeabi_idiv0.o ABSOLUTE
    ../clib/angel/rt.s                       0x00000000   Number         0  aeabi_idiv0_sigfpe.o ABSOLUTE
    ../clib/angel/rt.s                       0x00000000   Number         0  aeabi_ldiv0.o ABSOLUTE
    ../clib/angel/rt.s                       0x00000000   Number         0  aeabi_ldiv0_sigfpe.o ABSOLUTE
    ../clib/angel/rt.s                       0x00000000   Number         0  rt_div0.o ABSOLUTE
    ../clib/angel/rt.s                       0x00000000   Number         0  rt_raise.o ABSOLUTE
    ../clib/angel/scatterp.s                 0x00000000   Number         0  __scatter.o ABSOLUTE
    ../clib/angel/startup.s                  0x00000000   Number         0  __main.o ABSOLUTE
    ../clib/angel/sys.s                      0x00000000   Number         0  sys_stackheap_outer.o ABSOLUTE
    ../clib/angel/sys.s                      0x00000000   Number         0  libspace.o ABSOLUTE
    ../clib/angel/sys.s                      0x00000000   Number         0  tempstk.o ABSOLUTE
    ../clib/angel/sys.s                      0x00000000   Number         0  use_no_semi.o ABSOLUTE
    ../clib/angel/sys.s                      0x00000000   Number         0  indicate_semi.o ABSOLUTE
    ../clib/angel/sysapp.c                   0x00000000   Number         0  sys_exit.o ABSOLUTE
    ../clib/angel/sysapp.c                   0x00000000   Number         0  sys_exit_hlt.o ABSOLUTE
    ../clib/angel/sysapp.c                   0x00000000   Number         0  sys_wrch.o ABSOLUTE
    ../clib/angel/sysapp.c                   0x00000000   Number         0  sys_wrch_hlt.o ABSOLUTE
    ../clib/angel/sysapp.c                   0x00000000   Number         0  sys_command.o ABSOLUTE
    ../clib/angel/sysapp.c                   0x00000000   Number         0  sys_command_hlt.o ABSOLUTE
    ../clib/armsys.c                         0x00000000   Number         0  argv_veneer.o ABSOLUTE
    ../clib/armsys.c                         0x00000000   Number         0  _get_argv_nomalloc.o ABSOLUTE
    ../clib/armsys.c                         0x00000000   Number         0  no_argv.o ABSOLUTE
    ../clib/division.c                       0x00000000   Number         0  llsdiv.o ABSOLUTE
    ../clib/division.c                       0x00000000   Number         0  lludiv.o ABSOLUTE
    ../clib/division.s                       0x00000000   Number         0  aeabi_sdivfast.o ABSOLUTE
    ../clib/division.s                       0x00000000   Number         0  aeabi_sdivfast_div0.o ABSOLUTE
    ../clib/heapalloc.c                      0x00000000   Number         0  hrguard.o ABSOLUTE
    ../clib/heapaux.c                        0x00000000   Number         0  heapauxi.o ABSOLUTE
    ../clib/libinit.s                        0x00000000   Number         0  libinit.o ABSOLUTE
    ../clib/libinit.s                        0x00000000   Number         0  libinit2.o ABSOLUTE
    ../clib/libinit.s                        0x00000000   Number         0  libshutdown.o ABSOLUTE
    ../clib/libinit.s                        0x00000000   Number         0  libshutdown2.o ABSOLUTE
    ../clib/memcpset.c                       0x00000000   Number         0  rt_memcpy.o ABSOLUTE
    ../clib/memcpset.c                       0x00000000   Number         0  rt_memcpy.o ABSOLUTE
    ../clib/memcpset.c                       0x00000000   Number         0  rt_memclr.o ABSOLUTE
    ../clib/signal.c                         0x00000000   Number         0  defsig_fpe_outer.o ABSOLUTE
    ../clib/signal.c                         0x00000000   Number         0  defsig_fpe_formal.o ABSOLUTE
    ../clib/signal.c                         0x00000000   Number         0  defsig_exit.o ABSOLUTE
    ../clib/signal.c                         0x00000000   Number         0  defsig_fpe_inner.o ABSOLUTE
    ../clib/signal.c                         0x00000000   Number         0  __raise.o ABSOLUTE
    ../clib/signal.c                         0x00000000   Number         0  defsig_general.o ABSOLUTE
    ../clib/signal.c                         0x00000000   Number         0  defsig_abrt_inner.o ABSOLUTE
    ../clib/signal.c                         0x00000000   Number         0  defsig_rtred_inner.o ABSOLUTE
    ../clib/signal.c                         0x00000000   Number         0  defsig_rtmem_inner.o ABSOLUTE
    ../clib/signal.c                         0x00000000   Number         0  defsig_rtmem_outer.o ABSOLUTE
    ../clib/signal.c                         0x00000000   Number         0  defsig_rtmem_formal.o ABSOLUTE
    ../clib/signal.c                         0x00000000   Number         0  defsig_stak_inner.o ABSOLUTE
    ../clib/signal.c                         0x00000000   Number         0  defsig_pvfn_inner.o ABSOLUTE
    ../clib/signal.c                         0x00000000   Number         0  defsig_cppl_inner.o ABSOLUTE
    ../clib/signal.c                         0x00000000   Number         0  defsig_segv_inner.o ABSOLUTE
    ../clib/signal.c                         0x00000000   Number         0  defsig_other.o ABSOLUTE
    ../clib/signal.s                         0x00000000   Number         0  defsig.o ABSOLUTE
    ../clib/stdlib.c                         0x00000000   Number         0  exit.o ABSOLUTE
    ../fplib/cfplib/fpinit.c                 0x00000000   Number         0  fpinit.o ABSOLUTE
    adc.c                                    0x00000000   Number         0  adc.o ABSOLUTE
    dc.s                                     0x00000000   Number         0  dc.o ABSOLUTE
    gpio.c                                   0x00000000   Number         0  gpio.o ABSOLUTE
    i2c.c                                    0x00000000   Number         0  i2c.o ABSOLUTE
    iwdg.c                                   0x00000000   Number         0  iwdg.o ABSOLUTE
    main.c                                   0x00000000   Number         0  main.o ABSOLUTE
    oled.c                                   0x00000000   Number         0  oled.o ABSOLUTE
    resistor_calculate.cpp                   0x00000000   Number         0  resistor_calculate.o ABSOLUTE
    spi.c                                    0x00000000   Number         0  spi.o ABSOLUTE
    startup_stm32l010x4.s                    0x00000000   Number         0  startup_stm32l010x4.o ABSOLUTE
    stm32l0xx_hal.c                          0x00000000   Number         0  stm32l0xx_hal.o ABSOLUTE
    stm32l0xx_hal_adc.c                      0x00000000   Number         0  stm32l0xx_hal_adc.o ABSOLUTE
    stm32l0xx_hal_adc_ex.c                   0x00000000   Number         0  stm32l0xx_hal_adc_ex.o ABSOLUTE
    stm32l0xx_hal_cortex.c                   0x00000000   Number         0  stm32l0xx_hal_cortex.o ABSOLUTE
    stm32l0xx_hal_dma.c                      0x00000000   Number         0  stm32l0xx_hal_dma.o ABSOLUTE
    stm32l0xx_hal_exti.c                     0x00000000   Number         0  stm32l0xx_hal_exti.o ABSOLUTE
    stm32l0xx_hal_flash.c                    0x00000000   Number         0  stm32l0xx_hal_flash.o ABSOLUTE
    stm32l0xx_hal_flash_ex.c                 0x00000000   Number         0  stm32l0xx_hal_flash_ex.o ABSOLUTE
    stm32l0xx_hal_flash_ramfunc.c            0x00000000   Number         0  stm32l0xx_hal_flash_ramfunc.o ABSOLUTE
    stm32l0xx_hal_gpio.c                     0x00000000   Number         0  stm32l0xx_hal_gpio.o ABSOLUTE
    stm32l0xx_hal_i2c.c                      0x00000000   Number         0  stm32l0xx_hal_i2c.o ABSOLUTE
    stm32l0xx_hal_i2c_ex.c                   0x00000000   Number         0  stm32l0xx_hal_i2c_ex.o ABSOLUTE
    stm32l0xx_hal_iwdg.c                     0x00000000   Number         0  stm32l0xx_hal_iwdg.o ABSOLUTE
    stm32l0xx_hal_msp.c                      0x00000000   Number         0  stm32l0xx_hal_msp.o ABSOLUTE
    stm32l0xx_hal_pwr.c                      0x00000000   Number         0  stm32l0xx_hal_pwr.o ABSOLUTE
    stm32l0xx_hal_pwr_ex.c                   0x00000000   Number         0  stm32l0xx_hal_pwr_ex.o ABSOLUTE
    stm32l0xx_hal_rcc.c                      0x00000000   Number         0  stm32l0xx_hal_rcc.o ABSOLUTE
    stm32l0xx_hal_rcc_ex.c                   0x00000000   Number         0  stm32l0xx_hal_rcc_ex.o ABSOLUTE
    stm32l0xx_hal_spi.c                      0x00000000   Number         0  stm32l0xx_hal_spi.o ABSOLUTE
    stm32l0xx_hal_tim.c                      0x00000000   Number         0  stm32l0xx_hal_tim.o ABSOLUTE
    stm32l0xx_hal_tim_ex.c                   0x00000000   Number         0  stm32l0xx_hal_tim_ex.o ABSOLUTE
    stm32l0xx_it.c                           0x00000000   Number         0  stm32l0xx_it.o ABSOLUTE
    system_stm32l0xx.c                       0x00000000   Number         0  system_stm32l0xx.o ABSOLUTE
    tim.c                                    0x00000000   Number         0  tim.o ABSOLUTE
    wheel.c                                  0x00000000   Number         0  wheel.o ABSOLUTE
    RESET                                    0x08000000   Section      192  startup_stm32l010x4.o(RESET)
    !!!main                                  0x080000c0   Section        8  __main.o(!!!main)
    !!!scatter                               0x080000c8   Section       84  __scatter.o(!!!scatter)
    !!handler_copy                           0x0800011c   Section       26  __scatter_copy.o(!!handler_copy)
    !!handler_null                           0x08000138   Section        2  __scatter.o(!!handler_null)
    !!handler_zi                             0x0800013c   Section       28  __scatter_zi.o(!!handler_zi)
    .ARM.Collect$$libinit$$00000000          0x08000158   Section        2  libinit.o(.ARM.Collect$$libinit$$00000000)
    .ARM.Collect$$libinit$$00000002          0x0800015a   Section        0  libinit2.o(.ARM.Collect$$libinit$$00000002)
    .ARM.Collect$$libinit$$00000004          0x0800015a   Section        0  libinit2.o(.ARM.Collect$$libinit$$00000004)
    .ARM.Collect$$libinit$$00000006          0x0800015a   Section        0  libinit2.o(.ARM.Collect$$libinit$$00000006)
    .ARM.Collect$$libinit$$0000000C          0x0800015a   Section        0  libinit2.o(.ARM.Collect$$libinit$$0000000C)
    .ARM.Collect$$libinit$$0000000E          0x0800015a   Section        0  libinit2.o(.ARM.Collect$$libinit$$0000000E)
    .ARM.Collect$$libinit$$00000010          0x0800015a   Section        0  libinit2.o(.ARM.Collect$$libinit$$00000010)
    .ARM.Collect$$libinit$$00000013          0x0800015a   Section        0  libinit2.o(.ARM.Collect$$libinit$$00000013)
    .ARM.Collect$$libinit$$00000015          0x0800015a   Section        0  libinit2.o(.ARM.Collect$$libinit$$00000015)
    .ARM.Collect$$libinit$$00000017          0x0800015a   Section        0  libinit2.o(.ARM.Collect$$libinit$$00000017)
    .ARM.Collect$$libinit$$00000019          0x0800015a   Section        0  libinit2.o(.ARM.Collect$$libinit$$00000019)
    .ARM.Collect$$libinit$$0000001B          0x0800015a   Section        0  libinit2.o(.ARM.Collect$$libinit$$0000001B)
    .ARM.Collect$$libinit$$0000001D          0x0800015a   Section        0  libinit2.o(.ARM.Collect$$libinit$$0000001D)
    .ARM.Collect$$libinit$$0000001F          0x0800015a   Section        0  libinit2.o(.ARM.Collect$$libinit$$0000001F)
    .ARM.Collect$$libinit$$00000021          0x0800015a   Section        0  libinit2.o(.ARM.Collect$$libinit$$00000021)
    .ARM.Collect$$libinit$$00000023          0x0800015a   Section        0  libinit2.o(.ARM.Collect$$libinit$$00000023)
    .ARM.Collect$$libinit$$00000025          0x0800015a   Section        0  libinit2.o(.ARM.Collect$$libinit$$00000025)
    .ARM.Collect$$libinit$$00000027          0x0800015a   Section        0  libinit2.o(.ARM.Collect$$libinit$$00000027)
    .ARM.Collect$$libinit$$0000002E          0x0800015a   Section        0  libinit2.o(.ARM.Collect$$libinit$$0000002E)
    .ARM.Collect$$libinit$$00000030          0x0800015a   Section        0  libinit2.o(.ARM.Collect$$libinit$$00000030)
    .ARM.Collect$$libinit$$00000032          0x0800015a   Section        0  libinit2.o(.ARM.Collect$$libinit$$00000032)
    .ARM.Collect$$libinit$$00000034          0x0800015a   Section        0  libinit2.o(.ARM.Collect$$libinit$$00000034)
    .ARM.Collect$$libinit$$00000035          0x0800015a   Section        2  libinit2.o(.ARM.Collect$$libinit$$00000035)
    .ARM.Collect$$libshutdown$$00000000      0x0800015c   Section        2  libshutdown.o(.ARM.Collect$$libshutdown$$00000000)
    .ARM.Collect$$libshutdown$$00000002      0x0800015e   Section        0  libshutdown2.o(.ARM.Collect$$libshutdown$$00000002)
    .ARM.Collect$$libshutdown$$00000004      0x0800015e   Section        0  libshutdown2.o(.ARM.Collect$$libshutdown$$00000004)
    .ARM.Collect$$libshutdown$$00000007      0x0800015e   Section        0  libshutdown2.o(.ARM.Collect$$libshutdown$$00000007)
    .ARM.Collect$$libshutdown$$0000000A      0x0800015e   Section        0  libshutdown2.o(.ARM.Collect$$libshutdown$$0000000A)
    .ARM.Collect$$libshutdown$$0000000C      0x0800015e   Section        0  libshutdown2.o(.ARM.Collect$$libshutdown$$0000000C)
    .ARM.Collect$$libshutdown$$0000000F      0x0800015e   Section        0  libshutdown2.o(.ARM.Collect$$libshutdown$$0000000F)
    .ARM.Collect$$libshutdown$$00000010      0x0800015e   Section        2  libshutdown2.o(.ARM.Collect$$libshutdown$$00000010)
    .ARM.Collect$$rtentry$$00000000          0x08000160   Section        0  __rtentry.o(.ARM.Collect$$rtentry$$00000000)
    .ARM.Collect$$rtentry$$00000002          0x08000160   Section        0  __rtentry2.o(.ARM.Collect$$rtentry$$00000002)
    .ARM.Collect$$rtentry$$00000004          0x08000160   Section        6  __rtentry4.o(.ARM.Collect$$rtentry$$00000004)
    .ARM.Collect$$rtentry$$00000009          0x08000166   Section        0  __rtentry2.o(.ARM.Collect$$rtentry$$00000009)
    .ARM.Collect$$rtentry$$0000000A          0x08000166   Section        4  __rtentry2.o(.ARM.Collect$$rtentry$$0000000A)
    .ARM.Collect$$rtentry$$0000000C          0x0800016a   Section        0  __rtentry2.o(.ARM.Collect$$rtentry$$0000000C)
    .ARM.Collect$$rtentry$$0000000D          0x0800016a   Section        8  __rtentry2.o(.ARM.Collect$$rtentry$$0000000D)
    .ARM.Collect$$rtexit$$00000000           0x08000172   Section        2  rtexit.o(.ARM.Collect$$rtexit$$00000000)
    .ARM.Collect$$rtexit$$00000002           0x08000174   Section        0  rtexit2.o(.ARM.Collect$$rtexit$$00000002)
    .ARM.Collect$$rtexit$$00000003           0x08000174   Section        4  rtexit2.o(.ARM.Collect$$rtexit$$00000003)
    .ARM.Collect$$rtexit$$00000004           0x08000178   Section        6  rtexit2.o(.ARM.Collect$$rtexit$$00000004)
    .emb_text                                0x08000180   Section       56  rt_memcpy.o(.emb_text)
    .text                                    0x080001b8   Section      112  startup_stm32l010x4.o(.text)
    .text                                    0x08000228   Section        0  llsdiv.o(.text)
    .text                                    0x080002ce   Section        0  rt_memcpy.o(.text)
    .text                                    0x08000350   Section        0  rt_memclr.o(.text)
    .text                                    0x08000390   Section      504  aeabi_sdivfast.o(.text)
    .text                                    0x08000588   Section        0  heapauxi.o(.text)
    .text                                    0x0800058e   Section        0  lludiv.o(.text)
    .text                                    0x0800069e   Section       62  sys_stackheap_outer.o(.text)
    .text                                    0x080006dc   Section        0  exit.o(.text)
    .text                                    0x080006ec   Section        8  libspace.o(.text)
    .text                                    0x080006f4   Section        0  sys_exit.o(.text)
    .text                                    0x08000700   Section        2  use_no_semi.o(.text)
    [Anonymous Symbol]                       0x08000702   Section        0  stm32l0xx_it.o(.text.EXTI4_15_IRQHandler)
    .text                                    0x08000702   Section        0  indicate_semi.o(.text)
    [Anonymous Symbol]                       0x0800070e   Section        0  main.o(.text.Error_Handler)
    [Anonymous Symbol]                       0x08000718   Section        0  stm32l0xx_hal_adc.o(.text.HAL_ADC_ConfigChannel)
    __arm_cp.22_0                            0x08000784   Number         4  stm32l0xx_hal_adc.o(.text.HAL_ADC_ConfigChannel)
    __arm_cp.22_2                            0x08000788   Number         4  stm32l0xx_hal_adc.o(.text.HAL_ADC_ConfigChannel)
    [Anonymous Symbol]                       0x0800078c   Section        0  stm32l0xx_hal_adc.o(.text.HAL_ADC_Init)
    __arm_cp.0_0                             0x0800093c   Number         4  stm32l0xx_hal_adc.o(.text.HAL_ADC_Init)
    __arm_cp.0_1                             0x08000940   Number         4  stm32l0xx_hal_adc.o(.text.HAL_ADC_Init)
    __arm_cp.0_2                             0x08000944   Number         4  stm32l0xx_hal_adc.o(.text.HAL_ADC_Init)
    __arm_cp.0_3                             0x08000948   Number         4  stm32l0xx_hal_adc.o(.text.HAL_ADC_Init)
    [Anonymous Symbol]                       0x0800094c   Section        0  adc.o(.text.HAL_ADC_MspInit)
    __arm_cp.1_0                             0x0800099c   Number         4  adc.o(.text.HAL_ADC_MspInit)
    __arm_cp.1_1                             0x080009a0   Number         4  adc.o(.text.HAL_ADC_MspInit)
    [Anonymous Symbol]                       0x080009a4   Section        0  stm32l0xx_hal.o(.text.HAL_Delay)
    __arm_cp.10_0                            0x080009c4   Number         4  stm32l0xx_hal.o(.text.HAL_Delay)
    [Anonymous Symbol]                       0x080009c8   Section        0  main.o(.text.HAL_GPIO_EXTI_Callback)
    __arm_cp.7_0                             0x080009e4   Number         4  main.o(.text.HAL_GPIO_EXTI_Callback)
    [Anonymous Symbol]                       0x080009e8   Section        0  stm32l0xx_hal_gpio.o(.text.HAL_GPIO_EXTI_IRQHandler)
    __arm_cp.6_0                             0x080009fc   Number         4  stm32l0xx_hal_gpio.o(.text.HAL_GPIO_EXTI_IRQHandler)
    [Anonymous Symbol]                       0x08000a00   Section        0  stm32l0xx_hal_gpio.o(.text.HAL_GPIO_Init)
    __arm_cp.0_0                             0x08000b88   Number         4  stm32l0xx_hal_gpio.o(.text.HAL_GPIO_Init)
    __arm_cp.0_1                             0x08000b8c   Number         4  stm32l0xx_hal_gpio.o(.text.HAL_GPIO_Init)
    __arm_cp.0_2                             0x08000b90   Number         4  stm32l0xx_hal_gpio.o(.text.HAL_GPIO_Init)
    __arm_cp.0_3                             0x08000b94   Number         4  stm32l0xx_hal_gpio.o(.text.HAL_GPIO_Init)
    __arm_cp.0_4                             0x08000b98   Number         4  stm32l0xx_hal_gpio.o(.text.HAL_GPIO_Init)
    [Anonymous Symbol]                       0x08000b9c   Section        0  stm32l0xx_hal_gpio.o(.text.HAL_GPIO_WritePin)
    [Anonymous Symbol]                       0x08000bac   Section        0  stm32l0xx_hal.o(.text.HAL_GetTick)
    [Anonymous Symbol]                       0x08000bb4   Section        0  stm32l0xx_hal_i2c_ex.o(.text.HAL_I2CEx_ConfigAnalogFilter)
    [Anonymous Symbol]                       0x08000bf6   Section        0  stm32l0xx_hal_i2c_ex.o(.text.HAL_I2CEx_ConfigDigitalFilter)
    [Anonymous Symbol]                       0x08000c38   Section        0  stm32l0xx_hal_i2c.o(.text.HAL_I2C_Init)
    __arm_cp.0_0                             0x08000ce4   Number         4  stm32l0xx_hal_i2c.o(.text.HAL_I2C_Init)
    __arm_cp.0_1                             0x08000ce8   Number         4  stm32l0xx_hal_i2c.o(.text.HAL_I2C_Init)
    [Anonymous Symbol]                       0x08000cec   Section        0  stm32l0xx_hal_i2c.o(.text.HAL_I2C_Master_Transmit)
    __arm_cp.4_0                             0x08000ea8   Number         4  stm32l0xx_hal_i2c.o(.text.HAL_I2C_Master_Transmit)
    __arm_cp.4_1                             0x08000eac   Number         4  stm32l0xx_hal_i2c.o(.text.HAL_I2C_Master_Transmit)
    __arm_cp.4_2                             0x08000eb0   Number         4  stm32l0xx_hal_i2c.o(.text.HAL_I2C_Master_Transmit)
    __arm_cp.4_3                             0x08000eb4   Number         4  stm32l0xx_hal_i2c.o(.text.HAL_I2C_Master_Transmit)
    __arm_cp.4_4                             0x08000eb8   Number         4  stm32l0xx_hal_i2c.o(.text.HAL_I2C_Master_Transmit)
    [Anonymous Symbol]                       0x08000ebc   Section        0  i2c.o(.text.HAL_I2C_MspInit)
    __arm_cp.1_0                             0x08000f10   Number         4  i2c.o(.text.HAL_I2C_MspInit)
    __arm_cp.1_1                             0x08000f14   Number         4  i2c.o(.text.HAL_I2C_MspInit)
    [Anonymous Symbol]                       0x08000f18   Section        0  stm32l0xx_hal_iwdg.o(.text.HAL_IWDG_Init)
    __arm_cp.0_0                             0x08000f70   Number         4  stm32l0xx_hal_iwdg.o(.text.HAL_IWDG_Init)
    __arm_cp.0_1                             0x08000f74   Number         4  stm32l0xx_hal_iwdg.o(.text.HAL_IWDG_Init)
    [Anonymous Symbol]                       0x08000f78   Section        0  stm32l0xx_hal_iwdg.o(.text.HAL_IWDG_Refresh)
    __arm_cp.1_0                             0x08000f84   Number         4  stm32l0xx_hal_iwdg.o(.text.HAL_IWDG_Refresh)
    [Anonymous Symbol]                       0x08000f88   Section        0  stm32l0xx_hal.o(.text.HAL_IncTick)
    __arm_cp.5_1                             0x08000f98   Number         4  stm32l0xx_hal.o(.text.HAL_IncTick)
    [Anonymous Symbol]                       0x08000f9c   Section        0  stm32l0xx_hal.o(.text.HAL_Init)
    __arm_cp.0_0                             0x08000fc4   Number         4  stm32l0xx_hal.o(.text.HAL_Init)
    [Anonymous Symbol]                       0x08000fc8   Section        0  stm32l0xx_hal.o(.text.HAL_InitTick)
    __arm_cp.1_0                             0x08001004   Number         4  stm32l0xx_hal.o(.text.HAL_InitTick)
    __arm_cp.1_1                             0x08001008   Number         4  stm32l0xx_hal.o(.text.HAL_InitTick)
    [Anonymous Symbol]                       0x0800100c   Section        0  stm32l0xx_hal_msp.o(.text.HAL_MspInit)
    __arm_cp.0_0                             0x08001020   Number         4  stm32l0xx_hal_msp.o(.text.HAL_MspInit)
    [Anonymous Symbol]                       0x08001024   Section        0  stm32l0xx_hal_cortex.o(.text.HAL_NVIC_EnableIRQ)
    __arm_cp.1_0                             0x08001038   Number         4  stm32l0xx_hal_cortex.o(.text.HAL_NVIC_EnableIRQ)
    [Anonymous Symbol]                       0x0800103c   Section        0  stm32l0xx_hal_cortex.o(.text.HAL_NVIC_SetPriority)
    __arm_cp.0_0                             0x0800106c   Number         4  stm32l0xx_hal_cortex.o(.text.HAL_NVIC_SetPriority)
    __arm_cp.0_1                             0x08001070   Number         4  stm32l0xx_hal_cortex.o(.text.HAL_NVIC_SetPriority)
    [Anonymous Symbol]                       0x08001074   Section        0  stm32l0xx_hal_rcc_ex.o(.text.HAL_RCCEx_PeriphCLKConfig)
    __arm_cp.0_0                             0x08001218   Number         4  stm32l0xx_hal_rcc_ex.o(.text.HAL_RCCEx_PeriphCLKConfig)
    __arm_cp.0_1                             0x0800121c   Number         4  stm32l0xx_hal_rcc_ex.o(.text.HAL_RCCEx_PeriphCLKConfig)
    [Anonymous Symbol]                       0x08001220   Section        0  stm32l0xx_hal_rcc.o(.text.HAL_RCC_ClockConfig)
    __arm_cp.3_0                             0x08001418   Number         4  stm32l0xx_hal_rcc.o(.text.HAL_RCC_ClockConfig)
    __arm_cp.3_1                             0x0800141c   Number         4  stm32l0xx_hal_rcc.o(.text.HAL_RCC_ClockConfig)
    __arm_cp.3_2                             0x08001420   Number         4  stm32l0xx_hal_rcc.o(.text.HAL_RCC_ClockConfig)
    __arm_cp.3_3                             0x08001424   Number         4  stm32l0xx_hal_rcc.o(.text.HAL_RCC_ClockConfig)
    __arm_cp.3_4                             0x08001428   Number         4  stm32l0xx_hal_rcc.o(.text.HAL_RCC_ClockConfig)
    __arm_cp.3_5                             0x0800142c   Number         4  stm32l0xx_hal_rcc.o(.text.HAL_RCC_ClockConfig)
    __arm_cp.3_6                             0x08001430   Number         4  stm32l0xx_hal_rcc.o(.text.HAL_RCC_ClockConfig)
    __arm_cp.3_7                             0x08001434   Number         4  stm32l0xx_hal_rcc.o(.text.HAL_RCC_ClockConfig)
    __arm_cp.3_8                             0x08001438   Number         4  stm32l0xx_hal_rcc.o(.text.HAL_RCC_ClockConfig)
    __arm_cp.3_9                             0x0800143c   Number         4  stm32l0xx_hal_rcc.o(.text.HAL_RCC_ClockConfig)
    [Anonymous Symbol]                       0x08001440   Section        0  stm32l0xx_hal_rcc.o(.text.HAL_RCC_OscConfig)
    __arm_cp.1_12                            0x080015d0   Number         4  stm32l0xx_hal_rcc.o(.text.HAL_RCC_OscConfig)
    __arm_cp.1_1                             0x0800192c   Number         4  stm32l0xx_hal_rcc.o(.text.HAL_RCC_OscConfig)
    __arm_cp.1_2                             0x08001930   Number         4  stm32l0xx_hal_rcc.o(.text.HAL_RCC_OscConfig)
    __arm_cp.1_3                             0x08001934   Number         4  stm32l0xx_hal_rcc.o(.text.HAL_RCC_OscConfig)
    __arm_cp.1_4                             0x08001938   Number         4  stm32l0xx_hal_rcc.o(.text.HAL_RCC_OscConfig)
    __arm_cp.1_5                             0x0800193c   Number         4  stm32l0xx_hal_rcc.o(.text.HAL_RCC_OscConfig)
    __arm_cp.1_6                             0x08001940   Number         4  stm32l0xx_hal_rcc.o(.text.HAL_RCC_OscConfig)
    __arm_cp.1_7                             0x08001944   Number         4  stm32l0xx_hal_rcc.o(.text.HAL_RCC_OscConfig)
    __arm_cp.1_8                             0x08001948   Number         4  stm32l0xx_hal_rcc.o(.text.HAL_RCC_OscConfig)
    __arm_cp.1_9                             0x0800194c   Number         4  stm32l0xx_hal_rcc.o(.text.HAL_RCC_OscConfig)
    __arm_cp.1_10                            0x08001950   Number         4  stm32l0xx_hal_rcc.o(.text.HAL_RCC_OscConfig)
    [Anonymous Symbol]                       0x08001954   Section        0  stm32l0xx_hal_spi.o(.text.HAL_SPI_Init)
    [Anonymous Symbol]                       0x08001a10   Section        0  spi.o(.text.HAL_SPI_MspInit)
    __arm_cp.1_0                             0x08001a64   Number         4  spi.o(.text.HAL_SPI_MspInit)
    __arm_cp.1_1                             0x08001a68   Number         4  spi.o(.text.HAL_SPI_MspInit)
    [Anonymous Symbol]                       0x08001a6c   Section        0  stm32l0xx_hal_spi.o(.text.HAL_SPI_Transmit)
    __arm_cp.4_0                             0x08001ce0   Number         4  stm32l0xx_hal_spi.o(.text.HAL_SPI_Transmit)
    __arm_cp.4_1                             0x08001ce4   Number         4  stm32l0xx_hal_spi.o(.text.HAL_SPI_Transmit)
    [Anonymous Symbol]                       0x08001ce8   Section        0  stm32l0xx_hal_cortex.o(.text.HAL_SYSTICK_Config)
    __arm_cp.4_0                             0x08001d10   Number         4  stm32l0xx_hal_cortex.o(.text.HAL_SYSTICK_Config)
    __arm_cp.4_1                             0x08001d14   Number         4  stm32l0xx_hal_cortex.o(.text.HAL_SYSTICK_Config)
    __arm_cp.4_2                             0x08001d18   Number         4  stm32l0xx_hal_cortex.o(.text.HAL_SYSTICK_Config)
    [Anonymous Symbol]                       0x08001d1c   Section        0  stm32l0xx_hal_tim_ex.o(.text.HAL_TIMEx_MasterConfigSynchronization)
    [Anonymous Symbol]                       0x08001d64   Section        0  stm32l0xx_hal_tim.o(.text.HAL_TIM_Base_Init)
    [Anonymous Symbol]                       0x08001df4   Section        0  tim.o(.text.HAL_TIM_Base_MspInit)
    __arm_cp.2_0                             0x08001e20   Number         4  tim.o(.text.HAL_TIM_Base_MspInit)
    [Anonymous Symbol]                       0x08001e24   Section        0  stm32l0xx_hal_tim.o(.text.HAL_TIM_Base_Start_IT)
    [Anonymous Symbol]                       0x08001e64   Section        0  stm32l0xx_hal_tim.o(.text.HAL_TIM_Base_Stop)
    [Anonymous Symbol]                       0x08001e80   Section        0  stm32l0xx_hal_tim.o(.text.HAL_TIM_Base_Stop_IT)
    __arm_cp.7_0                             0x08001eac   Number         4  stm32l0xx_hal_tim.o(.text.HAL_TIM_Base_Stop_IT)
    [Anonymous Symbol]                       0x08001eb0   Section        0  stm32l0xx_hal_tim.o(.text.HAL_TIM_ConfigClockSource)
    __arm_cp.85_0                            0x08002008   Number         4  stm32l0xx_hal_tim.o(.text.HAL_TIM_ConfigClockSource)
    [Anonymous Symbol]                       0x0800200c   Section        0  stm32l0xx_hal_tim.o(.text.HAL_TIM_Encoder_Init)
    __arm_cp.55_0                            0x080020f0   Number         4  stm32l0xx_hal_tim.o(.text.HAL_TIM_Encoder_Init)
    __arm_cp.55_1                            0x080020f4   Number         4  stm32l0xx_hal_tim.o(.text.HAL_TIM_Encoder_Init)
    __arm_cp.55_2                            0x080020f8   Number         4  stm32l0xx_hal_tim.o(.text.HAL_TIM_Encoder_Init)
    __arm_cp.55_3                            0x080020fc   Number         4  stm32l0xx_hal_tim.o(.text.HAL_TIM_Encoder_Init)
    [Anonymous Symbol]                       0x08002100   Section        0  tim.o(.text.HAL_TIM_Encoder_MspInit)
    __arm_cp.3_0                             0x08002154   Number         4  tim.o(.text.HAL_TIM_Encoder_MspInit)
    __arm_cp.3_1                             0x08002158   Number         4  tim.o(.text.HAL_TIM_Encoder_MspInit)
    [Anonymous Symbol]                       0x0800215c   Section        0  stm32l0xx_hal_tim.o(.text.HAL_TIM_Encoder_Start)
    [Anonymous Symbol]                       0x080021d8   Section        0  stm32l0xx_hal_tim.o(.text.HAL_TIM_IC_CaptureCallback)
    [Anonymous Symbol]                       0x080021da   Section        0  stm32l0xx_hal_tim.o(.text.HAL_TIM_IRQHandler)
    [Anonymous Symbol]                       0x0800234c   Section        0  stm32l0xx_hal_tim.o(.text.HAL_TIM_OC_DelayElapsedCallback)
    [Anonymous Symbol]                       0x0800234e   Section        0  stm32l0xx_hal_tim.o(.text.HAL_TIM_PWM_PulseFinishedCallback)
    [Anonymous Symbol]                       0x08002350   Section        0  main.o(.text.HAL_TIM_PeriodElapsedCallback)
    __arm_cp.8_0                             0x08002368   Number         4  main.o(.text.HAL_TIM_PeriodElapsedCallback)
    __arm_cp.8_1                             0x0800236c   Number         4  main.o(.text.HAL_TIM_PeriodElapsedCallback)
    [Anonymous Symbol]                       0x08002370   Section        0  stm32l0xx_hal_tim.o(.text.HAL_TIM_TriggerCallback)
    [Anonymous Symbol]                       0x08002372   Section        0  stm32l0xx_it.o(.text.HardFault_Handler)
    I2C_IsErrorOccurred                      0x08002375   Thumb Code   376  stm32l0xx_hal_i2c.o(.text.I2C_IsErrorOccurred)
    [Anonymous Symbol]                       0x08002374   Section        0  stm32l0xx_hal_i2c.o(.text.I2C_IsErrorOccurred)
    __arm_cp.72_0                            0x080024ec   Number         4  stm32l0xx_hal_i2c.o(.text.I2C_IsErrorOccurred)
    I2C_WaitOnFlagUntilTimeout               0x080024f1   Thumb Code   250  stm32l0xx_hal_i2c.o(.text.I2C_WaitOnFlagUntilTimeout)
    [Anonymous Symbol]                       0x080024f0   Section        0  stm32l0xx_hal_i2c.o(.text.I2C_WaitOnFlagUntilTimeout)
    I2C_WaitOnSTOPFlagUntilTimeout           0x080025eb   Thumb Code   134  stm32l0xx_hal_i2c.o(.text.I2C_WaitOnSTOPFlagUntilTimeout)
    [Anonymous Symbol]                       0x080025ea   Section        0  stm32l0xx_hal_i2c.o(.text.I2C_WaitOnSTOPFlagUntilTimeout)
    I2C_WaitOnTXISFlagUntilTimeout           0x08002671   Thumb Code   166  stm32l0xx_hal_i2c.o(.text.I2C_WaitOnTXISFlagUntilTimeout)
    [Anonymous Symbol]                       0x08002670   Section        0  stm32l0xx_hal_i2c.o(.text.I2C_WaitOnTXISFlagUntilTimeout)
    [Anonymous Symbol]                       0x08002718   Section        0  adc.o(.text.MX_ADC_Init)
    __arm_cp.0_0                             0x0800277c   Number         4  adc.o(.text.MX_ADC_Init)
    __arm_cp.0_1                             0x08002780   Number         4  adc.o(.text.MX_ADC_Init)
    __arm_cp.0_2                             0x08002784   Number         4  adc.o(.text.MX_ADC_Init)
    [Anonymous Symbol]                       0x08002788   Section        0  gpio.o(.text.MX_GPIO_Init)
    __arm_cp.0_0                             0x08002834   Number         4  gpio.o(.text.MX_GPIO_Init)
    __arm_cp.0_1                             0x08002838   Number         4  gpio.o(.text.MX_GPIO_Init)
    __arm_cp.0_2                             0x0800283c   Number         4  gpio.o(.text.MX_GPIO_Init)
    [Anonymous Symbol]                       0x08002840   Section        0  i2c.o(.text.MX_I2C1_Init)
    __arm_cp.0_1                             0x0800288c   Number         4  i2c.o(.text.MX_I2C1_Init)
    __arm_cp.0_2                             0x08002890   Number         4  i2c.o(.text.MX_I2C1_Init)
    [Anonymous Symbol]                       0x08002894   Section        0  iwdg.o(.text.MX_IWDG_Init)
    __arm_cp.0_0                             0x080028b4   Number         4  iwdg.o(.text.MX_IWDG_Init)
    __arm_cp.0_1                             0x080028b8   Number         4  iwdg.o(.text.MX_IWDG_Init)
    __arm_cp.0_2                             0x080028bc   Number         4  iwdg.o(.text.MX_IWDG_Init)
    [Anonymous Symbol]                       0x080028c0   Section        0  spi.o(.text.MX_SPI1_Init)
    __arm_cp.0_0                             0x080028f8   Number         4  spi.o(.text.MX_SPI1_Init)
    __arm_cp.0_1                             0x080028fc   Number         4  spi.o(.text.MX_SPI1_Init)
    [Anonymous Symbol]                       0x08002900   Section        0  tim.o(.text.MX_TIM21_Init)
    __arm_cp.1_0                             0x08002954   Number         4  tim.o(.text.MX_TIM21_Init)
    __arm_cp.1_1                             0x08002958   Number         4  tim.o(.text.MX_TIM21_Init)
    __arm_cp.1_2                             0x0800295c   Number         4  tim.o(.text.MX_TIM21_Init)
    [Anonymous Symbol]                       0x08002960   Section        0  tim.o(.text.MX_TIM2_Init)
    __arm_cp.0_0                             0x080029bc   Number         4  tim.o(.text.MX_TIM2_Init)
    __arm_cp.0_1                             0x080029c0   Number         4  tim.o(.text.MX_TIM2_Init)
    __arm_cp.0_2                             0x080029c4   Number         4  tim.o(.text.MX_TIM2_Init)
    [Anonymous Symbol]                       0x080029c8   Section        0  stm32l0xx_it.o(.text.NMI_Handler)
    [Anonymous Symbol]                       0x080029cc   Section        0  oled.o(.text.OLED_Clear)
    __arm_cp.3_0                             0x08002b24   Number         4  oled.o(.text.OLED_Clear)
    [Anonymous Symbol]                       0x08002b28   Section        0  oled.o(.text.OLED_Init)
    __arm_cp.2_0                             0x08002d2c   Number         4  oled.o(.text.OLED_Init)
    [Anonymous Symbol]                       0x08002d30   Section        0  oled.o(.text.OLED_PutChar)
    __arm_cp.6_0                             0x08002f20   Number         4  oled.o(.text.OLED_PutChar)
    __arm_cp.6_1                             0x08002f24   Number         4  oled.o(.text.OLED_PutChar)
    [Anonymous Symbol]                       0x08002f28   Section        0  oled.o(.text.OLED_ShowDot)
    __arm_cp.5_0                             0x08002fb8   Number         4  oled.o(.text.OLED_ShowDot)
    [Anonymous Symbol]                       0x08002fbc   Section        0  oled.o(.text.OLED_ShowNum32)
    __arm_cp.4_0                             0x080031a0   Number         4  oled.o(.text.OLED_ShowNum32)
    __arm_cp.4_1                             0x080031a4   Number         4  oled.o(.text.OLED_ShowNum32)
    [Anonymous Symbol]                       0x080031a8   Section        0  oled.o(.text.OLED_WriteCmd)
    __arm_cp.0_0                             0x080031c8   Number         4  oled.o(.text.OLED_WriteCmd)
    [Anonymous Symbol]                       0x080031cc   Section        0  stm32l0xx_it.o(.text.PendSV_Handler)
    SPI_WaitFlagStateUntilTimeout            0x080031d1   Thumb Code   272  stm32l0xx_hal_spi.o(.text.SPI_WaitFlagStateUntilTimeout)
    [Anonymous Symbol]                       0x080031d0   Section        0  stm32l0xx_hal_spi.o(.text.SPI_WaitFlagStateUntilTimeout)
    __arm_cp.52_0                            0x080032e0   Number         4  stm32l0xx_hal_spi.o(.text.SPI_WaitFlagStateUntilTimeout)
    [Anonymous Symbol]                       0x080032e4   Section        0  stm32l0xx_it.o(.text.SVC_Handler)
    [Anonymous Symbol]                       0x080032e6   Section        0  stm32l0xx_it.o(.text.SysTick_Handler)
    [Anonymous Symbol]                       0x080032f0   Section        0  main.o(.text.SystemClock_Config)
    __arm_cp.1_0                             0x08003390   Number         4  main.o(.text.SystemClock_Config)
    [Anonymous Symbol]                       0x08003394   Section        0  system_stm32l0xx.o(.text.SystemInit)
    [Anonymous Symbol]                       0x08003398   Section        0  stm32l0xx_it.o(.text.TIM2_IRQHandler)
    [Anonymous Symbol]                       0x080033a4   Section        0  main.o(.text.main)
    __arm_cp.0_4                             0x080034a4   Number         4  main.o(.text.main)
    __arm_cp.0_5                             0x080034a8   Number         4  main.o(.text.main)
    [Anonymous Symbol]                       0x080034ac   Section        0  main.o(.text.power_handler)
    __arm_cp.2_0                             0x08003580   Number         4  main.o(.text.power_handler)
    __arm_cp.2_1                             0x08003584   Number         4  main.o(.text.power_handler)
    __arm_cp.2_3                             0x08003588   Number         4  main.o(.text.power_handler)
    [Anonymous Symbol]                       0x0800358c   Section        0  resistor_calculate.o(.text.resistor_calculate)
    __arm_cp.0_1                             0x08003630   Number         4  resistor_calculate.o(.text.resistor_calculate)
    __arm_cp.0_2                             0x08003634   Number         4  resistor_calculate.o(.text.resistor_calculate)
    __arm_cp.0_3                             0x08003638   Number         4  resistor_calculate.o(.text.resistor_calculate)
    __arm_cp.0_4                             0x0800363c   Number         4  resistor_calculate.o(.text.resistor_calculate)
    __arm_cp.0_5                             0x08003640   Number         4  resistor_calculate.o(.text.resistor_calculate)
    __arm_cp.0_6                             0x08003644   Number         4  resistor_calculate.o(.text.resistor_calculate)
    __arm_cp.0_7                             0x08003648   Number         4  resistor_calculate.o(.text.resistor_calculate)
    [Anonymous Symbol]                       0x0800364c   Section        0  wheel.o(.text.wheel_init)
    [Anonymous Symbol]                       0x08003668   Section        0  wheel.o(.text.wheel_update)
    __arm_cp.1_0                             0x0800374c   Number         4  wheel.o(.text.wheel_update)
    __arm_cp.1_1                             0x08003750   Number         4  wheel.o(.text.wheel_update)
    __arm_cp.1_2                             0x08003754   Number         4  wheel.o(.text.wheel_update)
    __arm_cp.1_3                             0x08003758   Number         4  wheel.o(.text.wheel_update)
    __arm_cp.1_4                             0x0800375c   Number         4  wheel.o(.text.wheel_update)
    __arm_cp.1_5                             0x08003760   Number         4  wheel.o(.text.wheel_update)
    __arm_cp.1_6                             0x08003764   Number         4  wheel.o(.text.wheel_update)
    .text_divfast                            0x08003768   Section      502  aeabi_sdivfast.o(.text_divfast)
    OLED_PutChar.font32                      0x0800396e   Data         192  oled.o(.rodata.OLED_PutChar.font32)
    [Anonymous Symbol]                       0x0800396e   Section        0  oled.o(.rodata.OLED_PutChar.font32)
    OLED_ShowNum32.font32                    0x08003a2e   Data         640  oled.o(.rodata.OLED_ShowNum32.font32)
    [Anonymous Symbol]                       0x08003a2e   Section        0  oled.o(.rodata.OLED_ShowNum32.font32)
    resistor_calculate::list                 0x08003cb8   Data          68  resistor_calculate.o(.rodata._ZZ18resistor_calculateE4list)
    [Anonymous Symbol]                       0x08003cb8   Section        0  resistor_calculate.o(.rodata._ZZ18resistor_calculateE4list)
    [Anonymous Symbol]                       0x20000000   Section        0  stm32l0xx_hal.o(.data..L_MergedGlobals)
    .bss                                     0x20000010   Section       96  libspace.o(.bss)
    [Anonymous Symbol]                       0x20000070   Section        0  main.o(.bss..L_MergedGlobals)
    spi_transmit.last_data                   0x20000071   Data           1  main.o(.bss..L_MergedGlobals)
    power_handler.turned_off                 0x20000072   Data           1  main.o(.bss..L_MergedGlobals)
    power_handler.turned_on                  0x20000073   Data           1  main.o(.bss..L_MergedGlobals)
    power_handler.output_enabled             0x20000074   Data           1  main.o(.bss..L_MergedGlobals)
    power_handler.output_disabled            0x20000075   Data           1  main.o(.bss..L_MergedGlobals)
    position_n.0                             0x20000080   Data           8  wheel.o(.bss..L_MergedGlobals)
    [Anonymous Symbol]                       0x20000080   Section        0  wheel.o(.bss..L_MergedGlobals)
    position_n.1                             0x20000088   Data           8  wheel.o(.bss..L_MergedGlobals)
    position_o.0                             0x20000090   Data           8  wheel.o(.bss..L_MergedGlobals)
    position_o.1                             0x20000098   Data           8  wheel.o(.bss..L_MergedGlobals)
    resistor_calculate::volt_reserved        0x200000a0   Data           4  resistor_calculate.o(.bss._ZZ18resistor_calculateE13volt_reserved)
    [Anonymous Symbol]                       0x200000a0   Section        0  resistor_calculate.o(.bss._ZZ18resistor_calculateE13volt_reserved)
    Heap_Mem                                 0x20000240   Data           0  startup_stm32l010x4.o(HEAP)
    Stack_Mem                                0x20000240   Data        1024  startup_stm32l010x4.o(STACK)
    HEAP                                     0x20000240   Section        0  startup_stm32l010x4.o(HEAP)
    STACK                                    0x20000240   Section     1024  startup_stm32l010x4.o(STACK)
    __initial_sp                             0x20000640   Data           0  startup_stm32l010x4.o(STACK)

    Global Symbols

    Symbol Name                              Value     Ov Type        Size  Object(Section)

    BuildAttributes$$THM_ISAv3M$S$PE$A:L22$X:L11$S22$IEEE1$IW$~IW$USESV6$~STKCKD$USESV7$~SHL$OTIME$ROPI$EBA8$UX$STANDARDLIB$REQ8$PRES8$EABIv2 0x00000000   Number         0  anon$$obj.o ABSOLUTE
    __ARM_exceptions_init                     - Undefined Weak Reference
    __alloca_initialize                       - Undefined Weak Reference
    __arm_preinit_                            - Undefined Weak Reference
    __arm_relocate_pie_                       - Undefined Weak Reference
    __cpp_initialize__aeabi_                  - Undefined Weak Reference
    __cxa_finalize                            - Undefined Weak Reference
    __rt_locale                               - Undefined Weak Reference
    __sigvec_lookup                           - Undefined Weak Reference
    _atexit_init                              - Undefined Weak Reference
    _call_atexit_fns                          - Undefined Weak Reference
    _clock_init                               - Undefined Weak Reference
    _fp_trap_init                             - Undefined Weak Reference
    _fp_trap_shutdown                         - Undefined Weak Reference
    _get_lc_collate                           - Undefined Weak Reference
    _get_lc_ctype                             - Undefined Weak Reference
    _get_lc_monetary                          - Undefined Weak Reference
    _get_lc_numeric                           - Undefined Weak Reference
    _get_lc_time                              - Undefined Weak Reference
    _getenv_init                              - Undefined Weak Reference
    _handle_redirection                       - Undefined Weak Reference
    _init_alloc                               - Undefined Weak Reference
    _init_user_alloc                          - Undefined Weak Reference
    _initio                                   - Undefined Weak Reference
    _rand_init                                - Undefined Weak Reference
    _signal_finish                            - Undefined Weak Reference
    _signal_init                              - Undefined Weak Reference
    _terminate_alloc                          - Undefined Weak Reference
    _terminate_user_alloc                     - Undefined Weak Reference
    _terminateio                              - Undefined Weak Reference
    __Vectors_Size                           0x000000c0   Number         0  startup_stm32l010x4.o ABSOLUTE
    __Vectors                                0x08000000   Data           4  startup_stm32l010x4.o(RESET)
    __Vectors_End                            0x080000c0   Data           0  startup_stm32l010x4.o(RESET)
    __main                                   0x080000c1   Thumb Code     8  __main.o(!!!main)
    __scatterload                            0x080000c9   Thumb Code     0  __scatter.o(!!!scatter)
    __scatterload_rt2                        0x080000c9   Thumb Code    74  __scatter.o(!!!scatter)
    __scatterload_rt2_thumb_only             0x080000c9   Thumb Code     0  __scatter.o(!!!scatter)
    __scatterload_loop                       0x080000d3   Thumb Code     0  __scatter.o(!!!scatter)
    __scatterload_copy                       0x0800011d   Thumb Code    26  __scatter_copy.o(!!handler_copy)
    __scatterload_null                       0x08000139   Thumb Code     2  __scatter.o(!!handler_null)
    __scatterload_zeroinit                   0x0800013d   Thumb Code    28  __scatter_zi.o(!!handler_zi)
    __rt_lib_init                            0x08000159   Thumb Code     0  libinit.o(.ARM.Collect$$libinit$$00000000)
    __rt_lib_init_alloca_1                   0x0800015b   Thumb Code     0  libinit2.o(.ARM.Collect$$libinit$$00000030)
    __rt_lib_init_argv_1                     0x0800015b   Thumb Code     0  libinit2.o(.ARM.Collect$$libinit$$0000002E)
    __rt_lib_init_atexit_1                   0x0800015b   Thumb Code     0  libinit2.o(.ARM.Collect$$libinit$$0000001D)
    __rt_lib_init_clock_1                    0x0800015b   Thumb Code     0  libinit2.o(.ARM.Collect$$libinit$$00000023)
    __rt_lib_init_cpp_1                      0x0800015b   Thumb Code     0  libinit2.o(.ARM.Collect$$libinit$$00000034)
    __rt_lib_init_exceptions_1               0x0800015b   Thumb Code     0  libinit2.o(.ARM.Collect$$libinit$$00000032)
    __rt_lib_init_fp_1                       0x0800015b   Thumb Code     0  libinit2.o(.ARM.Collect$$libinit$$00000002)
    __rt_lib_init_fp_trap_1                  0x0800015b   Thumb Code     0  libinit2.o(.ARM.Collect$$libinit$$00000021)
    __rt_lib_init_getenv_1                   0x0800015b   Thumb Code     0  libinit2.o(.ARM.Collect$$libinit$$00000025)
    __rt_lib_init_heap_1                     0x0800015b   Thumb Code     0  libinit2.o(.ARM.Collect$$libinit$$0000000C)
    __rt_lib_init_lc_collate_1               0x0800015b   Thumb Code     0  libinit2.o(.ARM.Collect$$libinit$$00000013)
    __rt_lib_init_lc_ctype_1                 0x0800015b   Thumb Code     0  libinit2.o(.ARM.Collect$$libinit$$00000015)
    __rt_lib_init_lc_monetary_1              0x0800015b   Thumb Code     0  libinit2.o(.ARM.Collect$$libinit$$00000017)
    __rt_lib_init_lc_numeric_1               0x0800015b   Thumb Code     0  libinit2.o(.ARM.Collect$$libinit$$00000019)
    __rt_lib_init_lc_time_1                  0x0800015b   Thumb Code     0  libinit2.o(.ARM.Collect$$libinit$$0000001B)
    __rt_lib_init_preinit_1                  0x0800015b   Thumb Code     0  libinit2.o(.ARM.Collect$$libinit$$00000006)
    __rt_lib_init_rand_1                     0x0800015b   Thumb Code     0  libinit2.o(.ARM.Collect$$libinit$$00000010)
    __rt_lib_init_relocate_pie_1             0x0800015b   Thumb Code     0  libinit2.o(.ARM.Collect$$libinit$$00000004)
    __rt_lib_init_return                     0x0800015b   Thumb Code     0  libinit2.o(.ARM.Collect$$libinit$$00000035)
    __rt_lib_init_signal_1                   0x0800015b   Thumb Code     0  libinit2.o(.ARM.Collect$$libinit$$0000001F)
    __rt_lib_init_stdio_1                    0x0800015b   Thumb Code     0  libinit2.o(.ARM.Collect$$libinit$$00000027)
    __rt_lib_init_user_alloc_1               0x0800015b   Thumb Code     0  libinit2.o(.ARM.Collect$$libinit$$0000000E)
    __rt_lib_shutdown                        0x0800015d   Thumb Code     0  libshutdown.o(.ARM.Collect$$libshutdown$$00000000)
    __rt_lib_shutdown_cpp_1                  0x0800015f   Thumb Code     0  libshutdown2.o(.ARM.Collect$$libshutdown$$00000002)
    __rt_lib_shutdown_fp_trap_1              0x0800015f   Thumb Code     0  libshutdown2.o(.ARM.Collect$$libshutdown$$00000007)
    __rt_lib_shutdown_heap_1                 0x0800015f   Thumb Code     0  libshutdown2.o(.ARM.Collect$$libshutdown$$0000000F)
    __rt_lib_shutdown_return                 0x0800015f   Thumb Code     0  libshutdown2.o(.ARM.Collect$$libshutdown$$00000010)
    __rt_lib_shutdown_signal_1               0x0800015f   Thumb Code     0  libshutdown2.o(.ARM.Collect$$libshutdown$$0000000A)
    __rt_lib_shutdown_stdio_1                0x0800015f   Thumb Code     0  libshutdown2.o(.ARM.Collect$$libshutdown$$00000004)
    __rt_lib_shutdown_user_alloc_1           0x0800015f   Thumb Code     0  libshutdown2.o(.ARM.Collect$$libshutdown$$0000000C)
    __rt_entry                               0x08000161   Thumb Code     0  __rtentry.o(.ARM.Collect$$rtentry$$00000000)
    __rt_entry_presh_1                       0x08000161   Thumb Code     0  __rtentry2.o(.ARM.Collect$$rtentry$$00000002)
    __rt_entry_sh                            0x08000161   Thumb Code     0  __rtentry4.o(.ARM.Collect$$rtentry$$00000004)
    __rt_entry_li                            0x08000167   Thumb Code     0  __rtentry2.o(.ARM.Collect$$rtentry$$0000000A)
    __rt_entry_postsh_1                      0x08000167   Thumb Code     0  __rtentry2.o(.ARM.Collect$$rtentry$$00000009)
    __rt_entry_main                          0x0800016b   Thumb Code     0  __rtentry2.o(.ARM.Collect$$rtentry$$0000000D)
    __rt_entry_postli_1                      0x0800016b   Thumb Code     0  __rtentry2.o(.ARM.Collect$$rtentry$$0000000C)
    __rt_exit                                0x08000173   Thumb Code     0  rtexit.o(.ARM.Collect$$rtexit$$00000000)
    __rt_exit_ls                             0x08000175   Thumb Code     0  rtexit2.o(.ARM.Collect$$rtexit$$00000003)
    __rt_exit_prels_1                        0x08000175   Thumb Code     0  rtexit2.o(.ARM.Collect$$rtexit$$00000002)
    __rt_exit_exit                           0x08000179   Thumb Code     0  rtexit2.o(.ARM.Collect$$rtexit$$00000004)
    __aeabi_memcpy4                          0x08000181   Thumb Code    56  rt_memcpy.o(.emb_text)
    __aeabi_memcpy8                          0x08000181   Thumb Code     0  rt_memcpy.o(.emb_text)
    Reset_Handler                            0x080001b9   Thumb Code    38  startup_stm32l010x4.o(.text)
    ADC1_IRQHandler                          0x080001e9   Thumb Code     0  startup_stm32l010x4.o(.text)
    DMA1_Channel1_IRQHandler                 0x080001e9   Thumb Code     0  startup_stm32l010x4.o(.text)
    DMA1_Channel2_3_IRQHandler               0x080001e9   Thumb Code     0  startup_stm32l010x4.o(.text)
    DMA1_Channel4_5_IRQHandler               0x080001e9   Thumb Code     0  startup_stm32l010x4.o(.text)
    EXTI0_1_IRQHandler                       0x080001e9   Thumb Code     0  startup_stm32l010x4.o(.text)
    EXTI2_3_IRQHandler                       0x080001e9   Thumb Code     0  startup_stm32l010x4.o(.text)
    FLASH_IRQHandler                         0x080001e9   Thumb Code     0  startup_stm32l010x4.o(.text)
    I2C1_IRQHandler                          0x080001e9   Thumb Code     0  startup_stm32l010x4.o(.text)
    LPTIM1_IRQHandler                        0x080001e9   Thumb Code     0  startup_stm32l010x4.o(.text)
    LPUART1_IRQHandler                       0x080001e9   Thumb Code     0  startup_stm32l010x4.o(.text)
    RCC_IRQHandler                           0x080001e9   Thumb Code     0  startup_stm32l010x4.o(.text)
    RTC_IRQHandler                           0x080001e9   Thumb Code     0  startup_stm32l010x4.o(.text)
    SPI1_IRQHandler                          0x080001e9   Thumb Code     0  startup_stm32l010x4.o(.text)
    TIM21_IRQHandler                         0x080001e9   Thumb Code     0  startup_stm32l010x4.o(.text)
    USART2_IRQHandler                        0x080001e9   Thumb Code     0  startup_stm32l010x4.o(.text)
    WWDG_IRQHandler                          0x080001e9   Thumb Code     0  startup_stm32l010x4.o(.text)
    __user_initial_stackheap                 0x080001ed   Thumb Code     0  startup_stm32l010x4.o(.text)
    __aeabi_ldivmod                          0x08000229   Thumb Code   166  llsdiv.o(.text)
    _ll_sdiv                                 0x08000229   Thumb Code     0  llsdiv.o(.text)
    __aeabi_memcpy                           0x080002cf   Thumb Code   130  rt_memcpy.o(.text)
    __rt_memcpy                              0x080002cf   Thumb Code     0  rt_memcpy.o(.text)
    _memset_w                                0x08000351   Thumb Code    26  rt_memclr.o(.text)
    _memset                                  0x0800036b   Thumb Code    30  rt_memclr.o(.text)
    __aeabi_memclr                           0x08000389   Thumb Code     4  rt_memclr.o(.text)
    __rt_memclr                              0x08000389   Thumb Code     0  rt_memclr.o(.text)
    __aeabi_memclr4                          0x0800038d   Thumb Code     0  rt_memclr.o(.text)
    __aeabi_memclr8                          0x0800038d   Thumb Code     0  rt_memclr.o(.text)
    __rt_memclr_w                            0x0800038d   Thumb Code     4  rt_memclr.o(.text)
    __aeabi_uidivmod                         0x08000391   Thumb Code    28  aeabi_sdivfast.o(.text)
    __aeabi_idivmod                          0x080003ad   Thumb Code   472  aeabi_sdivfast.o(.text)
    __use_two_region_memory                  0x08000589   Thumb Code     2  heapauxi.o(.text)
    __rt_heap_escrow$2region                 0x0800058b   Thumb Code     2  heapauxi.o(.text)
    __rt_heap_expand$2region                 0x0800058d   Thumb Code     2  heapauxi.o(.text)
    __aeabi_uldivmod                         0x0800058f   Thumb Code   272  lludiv.o(.text)
    _ll_udiv                                 0x0800058f   Thumb Code     0  lludiv.o(.text)
    __user_setup_stackheap                   0x0800069f   Thumb Code    62  sys_stackheap_outer.o(.text)
    exit                                     0x080006dd   Thumb Code    16  exit.o(.text)
    __user_libspace                          0x080006ed   Thumb Code     8  libspace.o(.text)
    __user_perproc_libspace                  0x080006ed   Thumb Code     0  libspace.o(.text)
    __user_perthread_libspace                0x080006ed   Thumb Code     0  libspace.o(.text)
    _sys_exit                                0x080006f5   Thumb Code     8  sys_exit.o(.text)
    __I$use$semihosting                      0x08000701   Thumb Code     0  use_no_semi.o(.text)
    __use_no_semihosting_swi                 0x08000701   Thumb Code     2  use_no_semi.o(.text)
    EXTI4_15_IRQHandler                      0x08000703   Thumb Code    12  stm32l0xx_it.o(.text.EXTI4_15_IRQHandler)
    __semihosting_library_function           0x08000703   Thumb Code     0  indicate_semi.o(.text)
    Error_Handler                            0x0800070f   Thumb Code     8  main.o(.text.Error_Handler)
    HAL_ADC_ConfigChannel                    0x08000719   Thumb Code   108  stm32l0xx_hal_adc.o(.text.HAL_ADC_ConfigChannel)
    HAL_ADC_Init                             0x0800078d   Thumb Code   432  stm32l0xx_hal_adc.o(.text.HAL_ADC_Init)
    HAL_ADC_MspInit                          0x0800094d   Thumb Code    80  adc.o(.text.HAL_ADC_MspInit)
    HAL_Delay                                0x080009a5   Thumb Code    32  stm32l0xx_hal.o(.text.HAL_Delay)
    HAL_GPIO_EXTI_Callback                   0x080009c9   Thumb Code    28  main.o(.text.HAL_GPIO_EXTI_Callback)
    HAL_GPIO_EXTI_IRQHandler                 0x080009e9   Thumb Code    20  stm32l0xx_hal_gpio.o(.text.HAL_GPIO_EXTI_IRQHandler)
    HAL_GPIO_Init                            0x08000a01   Thumb Code   392  stm32l0xx_hal_gpio.o(.text.HAL_GPIO_Init)
    HAL_GPIO_WritePin                        0x08000b9d   Thumb Code    16  stm32l0xx_hal_gpio.o(.text.HAL_GPIO_WritePin)
    HAL_GetTick                              0x08000bad   Thumb Code     8  stm32l0xx_hal.o(.text.HAL_GetTick)
    HAL_I2CEx_ConfigAnalogFilter             0x08000bb5   Thumb Code    66  stm32l0xx_hal_i2c_ex.o(.text.HAL_I2CEx_ConfigAnalogFilter)
    HAL_I2CEx_ConfigDigitalFilter            0x08000bf7   Thumb Code    66  stm32l0xx_hal_i2c_ex.o(.text.HAL_I2CEx_ConfigDigitalFilter)
    HAL_I2C_Init                             0x08000c39   Thumb Code   172  stm32l0xx_hal_i2c.o(.text.HAL_I2C_Init)
    HAL_I2C_Master_Transmit                  0x08000ced   Thumb Code   444  stm32l0xx_hal_i2c.o(.text.HAL_I2C_Master_Transmit)
    HAL_I2C_MspInit                          0x08000ebd   Thumb Code    84  i2c.o(.text.HAL_I2C_MspInit)
    HAL_IWDG_Init                            0x08000f19   Thumb Code    88  stm32l0xx_hal_iwdg.o(.text.HAL_IWDG_Init)
    HAL_IWDG_Refresh                         0x08000f79   Thumb Code    12  stm32l0xx_hal_iwdg.o(.text.HAL_IWDG_Refresh)
    HAL_IncTick                              0x08000f89   Thumb Code    16  stm32l0xx_hal.o(.text.HAL_IncTick)
    HAL_Init                                 0x08000f9d   Thumb Code    40  stm32l0xx_hal.o(.text.HAL_Init)
    HAL_InitTick                             0x08000fc9   Thumb Code    60  stm32l0xx_hal.o(.text.HAL_InitTick)
    HAL_MspInit                              0x0800100d   Thumb Code    20  stm32l0xx_hal_msp.o(.text.HAL_MspInit)
    HAL_NVIC_EnableIRQ                       0x08001025   Thumb Code    20  stm32l0xx_hal_cortex.o(.text.HAL_NVIC_EnableIRQ)
    HAL_NVIC_SetPriority                     0x0800103d   Thumb Code    48  stm32l0xx_hal_cortex.o(.text.HAL_NVIC_SetPriority)
    HAL_RCCEx_PeriphCLKConfig                0x08001075   Thumb Code   420  stm32l0xx_hal_rcc_ex.o(.text.HAL_RCCEx_PeriphCLKConfig)
    HAL_RCC_ClockConfig                      0x08001221   Thumb Code   504  stm32l0xx_hal_rcc.o(.text.HAL_RCC_ClockConfig)
    HAL_RCC_OscConfig                        0x08001441   Thumb Code  1260  stm32l0xx_hal_rcc.o(.text.HAL_RCC_OscConfig)
    HAL_SPI_Init                             0x08001955   Thumb Code   188  stm32l0xx_hal_spi.o(.text.HAL_SPI_Init)
    HAL_SPI_MspInit                          0x08001a11   Thumb Code    84  spi.o(.text.HAL_SPI_MspInit)
    HAL_SPI_Transmit                         0x08001a6d   Thumb Code   628  stm32l0xx_hal_spi.o(.text.HAL_SPI_Transmit)
    HAL_SYSTICK_Config                       0x08001ce9   Thumb Code    40  stm32l0xx_hal_cortex.o(.text.HAL_SYSTICK_Config)
    HAL_TIMEx_MasterConfigSynchronization    0x08001d1d   Thumb Code    72  stm32l0xx_hal_tim_ex.o(.text.HAL_TIMEx_MasterConfigSynchronization)
    HAL_TIM_Base_Init                        0x08001d65   Thumb Code   144  stm32l0xx_hal_tim.o(.text.HAL_TIM_Base_Init)
    HAL_TIM_Base_MspInit                     0x08001df5   Thumb Code    44  tim.o(.text.HAL_TIM_Base_MspInit)
    HAL_TIM_Base_Start_IT                    0x08001e25   Thumb Code    64  stm32l0xx_hal_tim.o(.text.HAL_TIM_Base_Start_IT)
    HAL_TIM_Base_Stop                        0x08001e65   Thumb Code    28  stm32l0xx_hal_tim.o(.text.HAL_TIM_Base_Stop)
    HAL_TIM_Base_Stop_IT                     0x08001e81   Thumb Code    44  stm32l0xx_hal_tim.o(.text.HAL_TIM_Base_Stop_IT)
    HAL_TIM_ConfigClockSource                0x08001eb1   Thumb Code   344  stm32l0xx_hal_tim.o(.text.HAL_TIM_ConfigClockSource)
    HAL_TIM_Encoder_Init                     0x0800200d   Thumb Code   228  stm32l0xx_hal_tim.o(.text.HAL_TIM_Encoder_Init)
    HAL_TIM_Encoder_MspInit                  0x08002101   Thumb Code    84  tim.o(.text.HAL_TIM_Encoder_MspInit)
    HAL_TIM_Encoder_Start                    0x0800215d   Thumb Code   124  stm32l0xx_hal_tim.o(.text.HAL_TIM_Encoder_Start)
    HAL_TIM_IC_CaptureCallback               0x080021d9   Thumb Code     2  stm32l0xx_hal_tim.o(.text.HAL_TIM_IC_CaptureCallback)
    HAL_TIM_IRQHandler                       0x080021db   Thumb Code   370  stm32l0xx_hal_tim.o(.text.HAL_TIM_IRQHandler)
    HAL_TIM_OC_DelayElapsedCallback          0x0800234d   Thumb Code     2  stm32l0xx_hal_tim.o(.text.HAL_TIM_OC_DelayElapsedCallback)
    HAL_TIM_PWM_PulseFinishedCallback        0x0800234f   Thumb Code     2  stm32l0xx_hal_tim.o(.text.HAL_TIM_PWM_PulseFinishedCallback)
    HAL_TIM_PeriodElapsedCallback            0x08002351   Thumb Code    24  main.o(.text.HAL_TIM_PeriodElapsedCallback)
    HAL_TIM_TriggerCallback                  0x08002371   Thumb Code     2  stm32l0xx_hal_tim.o(.text.HAL_TIM_TriggerCallback)
    HardFault_Handler                        0x08002373   Thumb Code     2  stm32l0xx_it.o(.text.HardFault_Handler)
    MX_ADC_Init                              0x08002719   Thumb Code   100  adc.o(.text.MX_ADC_Init)
    MX_GPIO_Init                             0x08002789   Thumb Code   172  gpio.o(.text.MX_GPIO_Init)
    MX_I2C1_Init                             0x08002841   Thumb Code    76  i2c.o(.text.MX_I2C1_Init)
    MX_IWDG_Init                             0x08002895   Thumb Code    32  iwdg.o(.text.MX_IWDG_Init)
    MX_SPI1_Init                             0x080028c1   Thumb Code    56  spi.o(.text.MX_SPI1_Init)
    MX_TIM21_Init                            0x08002901   Thumb Code    84  tim.o(.text.MX_TIM21_Init)
    MX_TIM2_Init                             0x08002961   Thumb Code    92  tim.o(.text.MX_TIM2_Init)
    NMI_Handler                              0x080029c9   Thumb Code     2  stm32l0xx_it.o(.text.NMI_Handler)
    OLED_Clear                               0x080029cd   Thumb Code   344  oled.o(.text.OLED_Clear)
    OLED_Init                                0x08002b29   Thumb Code   516  oled.o(.text.OLED_Init)
    OLED_PutChar                             0x08002d31   Thumb Code   496  oled.o(.text.OLED_PutChar)
    OLED_ShowDot                             0x08002f29   Thumb Code   144  oled.o(.text.OLED_ShowDot)
    OLED_ShowNum32                           0x08002fbd   Thumb Code   484  oled.o(.text.OLED_ShowNum32)
    OLED_WriteCmd                            0x080031a9   Thumb Code    32  oled.o(.text.OLED_WriteCmd)
    PendSV_Handler                           0x080031cd   Thumb Code     2  stm32l0xx_it.o(.text.PendSV_Handler)
    SVC_Handler                              0x080032e5   Thumb Code     2  stm32l0xx_it.o(.text.SVC_Handler)
    SysTick_Handler                          0x080032e7   Thumb Code     8  stm32l0xx_it.o(.text.SysTick_Handler)
    SystemClock_Config                       0x080032f1   Thumb Code   160  main.o(.text.SystemClock_Config)
    SystemInit                               0x08003395   Thumb Code     2  system_stm32l0xx.o(.text.SystemInit)
    TIM2_IRQHandler                          0x08003399   Thumb Code    12  stm32l0xx_it.o(.text.TIM2_IRQHandler)
    main                                     0x080033a5   Thumb Code   256  main.o(.text.main)
    power_handler                            0x080034ad   Thumb Code   212  main.o(.text.power_handler)
    resistor_calculate                       0x0800358d   Thumb Code   164  resistor_calculate.o(.text.resistor_calculate)
    wheel_init                               0x0800364d   Thumb Code    28  wheel.o(.text.wheel_init)
    wheel_update                             0x08003669   Thumb Code   228  wheel.o(.text.wheel_update)
    __aeabi_uidiv                            0x08003769   Thumb Code    68  aeabi_sdivfast.o(.text_divfast)
    __aeabi_idiv                             0x080037ad   Thumb Code   434  aeabi_sdivfast.o(.text_divfast)
    AHBPrescTable                            0x0800395e   Data          16  system_stm32l0xx.o(.rodata.AHBPrescTable)
    PLLMulTable                              0x08003cae   Data           9  system_stm32l0xx.o(.rodata.PLLMulTable)
    Region$$Table$$Base                      0x08003cfc   Number         0  anon$$obj.o(Region$$Table)
    Region$$Table$$Limit                     0x08003d1c   Number         0  anon$$obj.o(Region$$Table)
    uwTickFreq                               0x20000000   Data           1  stm32l0xx_hal.o(.data..L_MergedGlobals)
    uwTickPrio                               0x20000004   Data           4  stm32l0xx_hal.o(.data..L_MergedGlobals)
    SystemCoreClock                          0x20000008   Data           4  system_stm32l0xx.o(.data.SystemCoreClock)
    data                                     0x2000000c   Data           1  main.o(.data.data)
    __libspace_start                         0x20000010   Data          96  libspace.o(.bss)
    __temporary_stack_top$libspace           0x20000070   Data           0  libspace.o(.bss)
    oled_switch                              0x20000070   Data           1  main.o(.bss..L_MergedGlobals)
    volt                                     0x20000078   Data           4  main.o(.bss..L_MergedGlobals)
    hadc                                     0x200000a4   Data          92  adc.o(.bss.hadc)
    hi2c1                                    0x20000100   Data          84  i2c.o(.bss.hi2c1)
    hiwdg                                    0x20000154   Data          16  iwdg.o(.bss.hiwdg)
    hspi1                                    0x20000164   Data          88  spi.o(.bss.hspi1)
    htim2                                    0x200001bc   Data          64  tim.o(.bss.htim2)
    htim21                                   0x200001fc   Data          64  tim.o(.bss.htim21)
    uwTick                                   0x2000023c   Data           4  stm32l0xx_hal.o(.bss.uwTick)



==============================================================================

Memory Map of the image

  Image Entry point : 0x080000c1

  Load Region LR_IROM1 (Base: 0x08000000, Size: 0x00003d30, Max: 0x00004000, ABSOLUTE)

    Execution Region ER_IROM1 (Exec base: 0x08000000, Load base: 0x08000000, Size: 0x00003d1c, Max: 0x00004000, ABSOLUTE)

    Exec Addr    Load Addr    Size         Type   Attr      Idx    E Section Name        Object

    0x08000000   0x08000000   0x000000c0   Data   RO            3    RESET               startup_stm32l010x4.o
    0x080000c0   0x080000c0   0x00000008   Code   RO         1228  * !!!main             c_p.l(__main.o)
    0x080000c8   0x080000c8   0x00000054   Code   RO         1411    !!!scatter          c_p.l(__scatter.o)
    0x0800011c   0x0800011c   0x0000001a   Code   RO         1415    !!handler_copy      c_p.l(__scatter_copy.o)
    0x08000136   0x08000136   0x00000002   PAD
    0x08000138   0x08000138   0x00000002   Code   RO         1412    !!handler_null      c_p.l(__scatter.o)
    0x0800013a   0x0800013a   0x00000002   PAD
    0x0800013c   0x0800013c   0x0000001c   Code   RO         1417    !!handler_zi        c_p.l(__scatter_zi.o)
    0x08000158   0x08000158   0x00000002   Code   RO         1272    .ARM.Collect$$libinit$$00000000  c_p.l(libinit.o)
    0x0800015a   0x0800015a   0x00000000   Code   RO         1286    .ARM.Collect$$libinit$$00000002  c_p.l(libinit2.o)
    0x0800015a   0x0800015a   0x00000000   Code   RO         1288    .ARM.Collect$$libinit$$00000004  c_p.l(libinit2.o)
    0x0800015a   0x0800015a   0x00000000   Code   RO         1290    .ARM.Collect$$libinit$$00000006  c_p.l(libinit2.o)
    0x0800015a   0x0800015a   0x00000000   Code   RO         1293    .ARM.Collect$$libinit$$0000000C  c_p.l(libinit2.o)
    0x0800015a   0x0800015a   0x00000000   Code   RO         1295    .ARM.Collect$$libinit$$0000000E  c_p.l(libinit2.o)
    0x0800015a   0x0800015a   0x00000000   Code   RO         1297    .ARM.Collect$$libinit$$00000010  c_p.l(libinit2.o)
    0x0800015a   0x0800015a   0x00000000   Code   RO         1300    .ARM.Collect$$libinit$$00000013  c_p.l(libinit2.o)
    0x0800015a   0x0800015a   0x00000000   Code   RO         1302    .ARM.Collect$$libinit$$00000015  c_p.l(libinit2.o)
    0x0800015a   0x0800015a   0x00000000   Code   RO         1304    .ARM.Collect$$libinit$$00000017  c_p.l(libinit2.o)
    0x0800015a   0x0800015a   0x00000000   Code   RO         1306    .ARM.Collect$$libinit$$00000019  c_p.l(libinit2.o)
    0x0800015a   0x0800015a   0x00000000   Code   RO         1308    .ARM.Collect$$libinit$$0000001B  c_p.l(libinit2.o)
    0x0800015a   0x0800015a   0x00000000   Code   RO         1310    .ARM.Collect$$libinit$$0000001D  c_p.l(libinit2.o)
    0x0800015a   0x0800015a   0x00000000   Code   RO         1312    .ARM.Collect$$libinit$$0000001F  c_p.l(libinit2.o)
    0x0800015a   0x0800015a   0x00000000   Code   RO         1314    .ARM.Collect$$libinit$$00000021  c_p.l(libinit2.o)
    0x0800015a   0x0800015a   0x00000000   Code   RO         1316    .ARM.Collect$$libinit$$00000023  c_p.l(libinit2.o)
    0x0800015a   0x0800015a   0x00000000   Code   RO         1318    .ARM.Collect$$libinit$$00000025  c_p.l(libinit2.o)
    0x0800015a   0x0800015a   0x00000000   Code   RO         1320    .ARM.Collect$$libinit$$00000027  c_p.l(libinit2.o)
    0x0800015a   0x0800015a   0x00000000   Code   RO         1324    .ARM.Collect$$libinit$$0000002E  c_p.l(libinit2.o)
    0x0800015a   0x0800015a   0x00000000   Code   RO         1326    .ARM.Collect$$libinit$$00000030  c_p.l(libinit2.o)
    0x0800015a   0x0800015a   0x00000000   Code   RO         1328    .ARM.Collect$$libinit$$00000032  c_p.l(libinit2.o)
    0x0800015a   0x0800015a   0x00000000   Code   RO         1330    .ARM.Collect$$libinit$$00000034  c_p.l(libinit2.o)
    0x0800015a   0x0800015a   0x00000002   Code   RO         1331    .ARM.Collect$$libinit$$00000035  c_p.l(libinit2.o)
    0x0800015c   0x0800015c   0x00000002   Code   RO         1366    .ARM.Collect$$libshutdown$$00000000  c_p.l(libshutdown.o)
    0x0800015e   0x0800015e   0x00000000   Code   RO         1394    .ARM.Collect$$libshutdown$$00000002  c_p.l(libshutdown2.o)
    0x0800015e   0x0800015e   0x00000000   Code   RO         1396    .ARM.Collect$$libshutdown$$00000004  c_p.l(libshutdown2.o)
    0x0800015e   0x0800015e   0x00000000   Code   RO         1399    .ARM.Collect$$libshutdown$$00000007  c_p.l(libshutdown2.o)
    0x0800015e   0x0800015e   0x00000000   Code   RO         1402    .ARM.Collect$$libshutdown$$0000000A  c_p.l(libshutdown2.o)
    0x0800015e   0x0800015e   0x00000000   Code   RO         1404    .ARM.Collect$$libshutdown$$0000000C  c_p.l(libshutdown2.o)
    0x0800015e   0x0800015e   0x00000000   Code   RO         1407    .ARM.Collect$$libshutdown$$0000000F  c_p.l(libshutdown2.o)
    0x0800015e   0x0800015e   0x00000002   Code   RO         1408    .ARM.Collect$$libshutdown$$00000010  c_p.l(libshutdown2.o)
    0x08000160   0x08000160   0x00000000   Code   RO         1230    .ARM.Collect$$rtentry$$00000000  c_p.l(__rtentry.o)
    0x08000160   0x08000160   0x00000000   Code   RO         1242    .ARM.Collect$$rtentry$$00000002  c_p.l(__rtentry2.o)
    0x08000160   0x08000160   0x00000006   Code   RO         1254    .ARM.Collect$$rtentry$$00000004  c_p.l(__rtentry4.o)
    0x08000166   0x08000166   0x00000000   Code   RO         1244    .ARM.Collect$$rtentry$$00000009  c_p.l(__rtentry2.o)
    0x08000166   0x08000166   0x00000004   Code   RO         1245    .ARM.Collect$$rtentry$$0000000A  c_p.l(__rtentry2.o)
    0x0800016a   0x0800016a   0x00000000   Code   RO         1247    .ARM.Collect$$rtentry$$0000000C  c_p.l(__rtentry2.o)
    0x0800016a   0x0800016a   0x00000008   Code   RO         1248    .ARM.Collect$$rtentry$$0000000D  c_p.l(__rtentry2.o)
    0x08000172   0x08000172   0x00000002   Code   RO         1277    .ARM.Collect$$rtexit$$00000000  c_p.l(rtexit.o)
    0x08000174   0x08000174   0x00000000   Code   RO         1337    .ARM.Collect$$rtexit$$00000002  c_p.l(rtexit2.o)
    0x08000174   0x08000174   0x00000004   Code   RO         1338    .ARM.Collect$$rtexit$$00000003  c_p.l(rtexit2.o)
    0x08000178   0x08000178   0x00000006   Code   RO         1339    .ARM.Collect$$rtexit$$00000004  c_p.l(rtexit2.o)
    0x0800017e   0x0800017e   0x00000002   PAD
    0x08000180   0x08000180   0x00000038   Code   RO         1212    .emb_text           c_p.l(rt_memcpy.o)
    0x080001b8   0x080001b8   0x00000070   Code   RO            4    .text               startup_stm32l010x4.o
    0x08000228   0x08000228   0x000000a6   Code   RO         1210    .text               c_p.l(llsdiv.o)
    0x080002ce   0x080002ce   0x00000082   Code   RO         1213    .text               c_p.l(rt_memcpy.o)
    0x08000350   0x08000350   0x00000040   Code   RO         1216    .text               c_p.l(rt_memclr.o)
    0x08000390   0x08000390   0x000001f8   Code   RO         1218    .text               c_p.l(aeabi_sdivfast.o)
    0x08000588   0x08000588   0x00000006   Code   RO         1226    .text               c_p.l(heapauxi.o)
    0x0800058e   0x0800058e   0x00000110   Code   RO         1239    .text               c_p.l(lludiv.o)
    0x0800069e   0x0800069e   0x0000003e   Code   RO         1258    .text               c_p.l(sys_stackheap_outer.o)
    0x080006dc   0x080006dc   0x00000010   Code   RO         1261    .text               c_p.l(exit.o)
    0x080006ec   0x080006ec   0x00000008   Code   RO         1273    .text               c_p.l(libspace.o)
    0x080006f4   0x080006f4   0x0000000c   Code   RO         1332    .text               c_p.l(sys_exit.o)
    0x08000700   0x08000700   0x00000002   Code   RO         1355    .text               c_p.l(use_no_semi.o)
    0x08000702   0x08000702   0x00000000   Code   RO         1357    .text               c_p.l(indicate_semi.o)
    0x08000702   0x08000702   0x0000000c   Code   RO          134    .text.EXTI4_15_IRQHandler  stm32l0xx_it.o
    0x0800070e   0x0800070e   0x00000008   Code   RO           21    .text.Error_Handler  main.o
    0x08000716   0x08000716   0x00000002   PAD
    0x08000718   0x08000718   0x00000074   Code   RO          197    .text.HAL_ADC_ConfigChannel  stm32l0xx_hal_adc.o
    0x0800078c   0x0800078c   0x000001c0   Code   RO          153    .text.HAL_ADC_Init  stm32l0xx_hal_adc.o
    0x0800094c   0x0800094c   0x00000058   Code   RO           50    .text.HAL_ADC_MspInit  adc.o
    0x080009a4   0x080009a4   0x00000024   Code   RO          255    .text.HAL_Delay     stm32l0xx_hal.o
    0x080009c8   0x080009c8   0x00000020   Code   RO           25    .text.HAL_GPIO_EXTI_Callback  main.o
    0x080009e8   0x080009e8   0x00000018   Code   RO          632    .text.HAL_GPIO_EXTI_IRQHandler  stm32l0xx_hal_gpio.o
    0x08000a00   0x08000a00   0x0000019c   Code   RO          620    .text.HAL_GPIO_Init  stm32l0xx_hal_gpio.o
    0x08000b9c   0x08000b9c   0x00000010   Code   RO          626    .text.HAL_GPIO_WritePin  stm32l0xx_hal_gpio.o
    0x08000bac   0x08000bac   0x00000008   Code   RO          247    .text.HAL_GetTick   stm32l0xx_hal.o
    0x08000bb4   0x08000bb4   0x00000042   Code   RO          461    .text.HAL_I2CEx_ConfigAnalogFilter  stm32l0xx_hal_i2c_ex.o
    0x08000bf6   0x08000bf6   0x00000042   Code   RO          463    .text.HAL_I2CEx_ConfigDigitalFilter  stm32l0xx_hal_i2c_ex.o
    0x08000c38   0x08000c38   0x000000b4   Code   RO          307    .text.HAL_I2C_Init  stm32l0xx_hal_i2c.o
    0x08000cec   0x08000cec   0x000001d0   Code   RO          315    .text.HAL_I2C_Master_Transmit  stm32l0xx_hal_i2c.o
    0x08000ebc   0x08000ebc   0x0000005c   Code   RO           65    .text.HAL_I2C_MspInit  i2c.o
    0x08000f18   0x08000f18   0x00000060   Code   RO          788    .text.HAL_IWDG_Init  stm32l0xx_hal_iwdg.o
    0x08000f78   0x08000f78   0x00000010   Code   RO          790    .text.HAL_IWDG_Refresh  stm32l0xx_hal_iwdg.o
    0x08000f88   0x08000f88   0x00000014   Code   RO          245    .text.HAL_IncTick   stm32l0xx_hal.o
    0x08000f9c   0x08000f9c   0x0000002c   Code   RO          235    .text.HAL_Init      stm32l0xx_hal.o
    0x08000fc8   0x08000fc8   0x00000044   Code   RO          237    .text.HAL_InitTick  stm32l0xx_hal.o
    0x0800100c   0x0800100c   0x00000018   Code   RO          145    .text.HAL_MspInit   stm32l0xx_hal_msp.o
    0x08001024   0x08001024   0x00000018   Code   RO          732    .text.HAL_NVIC_EnableIRQ  stm32l0xx_hal_cortex.o
    0x0800103c   0x0800103c   0x00000038   Code   RO          730    .text.HAL_NVIC_SetPriority  stm32l0xx_hal_cortex.o
    0x08001074   0x08001074   0x000001ac   Code   RO          505    .text.HAL_RCCEx_PeriphCLKConfig  stm32l0xx_hal_rcc_ex.o
    0x08001220   0x08001220   0x00000220   Code   RO          483    .text.HAL_RCC_ClockConfig  stm32l0xx_hal_rcc.o
    0x08001440   0x08001440   0x00000514   Code   RO          479    .text.HAL_RCC_OscConfig  stm32l0xx_hal_rcc.o
    0x08001954   0x08001954   0x000000bc   Code   RO          800    .text.HAL_SPI_Init  stm32l0xx_hal_spi.o
    0x08001a10   0x08001a10   0x0000005c   Code   RO           89    .text.HAL_SPI_MspInit  spi.o
    0x08001a6c   0x08001a6c   0x0000027c   Code   RO          808    .text.HAL_SPI_Transmit  stm32l0xx_hal_spi.o
    0x08001ce8   0x08001ce8   0x00000034   Code   RO          738    .text.HAL_SYSTICK_Config  stm32l0xx_hal_cortex.o
    0x08001d1c   0x08001d1c   0x00000048   Code   RO         1133    .text.HAL_TIMEx_MasterConfigSynchronization  stm32l0xx_hal_tim_ex.o
    0x08001d64   0x08001d64   0x00000090   Code   RO          914    .text.HAL_TIM_Base_Init  stm32l0xx_hal_tim.o
    0x08001df4   0x08001df4   0x00000030   Code   RO          106    .text.HAL_TIM_Base_MspInit  tim.o
    0x08001e24   0x08001e24   0x00000040   Code   RO          926    .text.HAL_TIM_Base_Start_IT  stm32l0xx_hal_tim.o
    0x08001e64   0x08001e64   0x0000001c   Code   RO          924    .text.HAL_TIM_Base_Stop  stm32l0xx_hal_tim.o
    0x08001e80   0x08001e80   0x00000030   Code   RO          928    .text.HAL_TIM_Base_Stop_IT  stm32l0xx_hal_tim.o
    0x08001eb0   0x08001eb0   0x0000015c   Code   RO         1084    .text.HAL_TIM_ConfigClockSource  stm32l0xx_hal_tim.o
    0x0800200c   0x0800200c   0x000000f4   Code   RO         1024    .text.HAL_TIM_Encoder_Init  stm32l0xx_hal_tim.o
    0x08002100   0x08002100   0x0000005c   Code   RO          108    .text.HAL_TIM_Encoder_MspInit  tim.o
    0x0800215c   0x0800215c   0x0000007c   Code   RO         1032    .text.HAL_TIM_Encoder_Start  stm32l0xx_hal_tim.o
    0x080021d8   0x080021d8   0x00000002   Code   RO         1046    .text.HAL_TIM_IC_CaptureCallback  stm32l0xx_hal_tim.o
    0x080021da   0x080021da   0x00000172   Code   RO         1044    .text.HAL_TIM_IRQHandler  stm32l0xx_hal_tim.o
    0x0800234c   0x0800234c   0x00000002   Code   RO         1048    .text.HAL_TIM_OC_DelayElapsedCallback  stm32l0xx_hal_tim.o
    0x0800234e   0x0800234e   0x00000002   Code   RO         1050    .text.HAL_TIM_PWM_PulseFinishedCallback  stm32l0xx_hal_tim.o
    0x08002350   0x08002350   0x00000020   Code   RO           27    .text.HAL_TIM_PeriodElapsedCallback  main.o
    0x08002370   0x08002370   0x00000002   Code   RO         1054    .text.HAL_TIM_TriggerCallback  stm32l0xx_hal_tim.o
    0x08002372   0x08002372   0x00000002   Code   RO          126    .text.HardFault_Handler  stm32l0xx_it.o
    0x08002374   0x08002374   0x0000017c   Code   RO          451    .text.I2C_IsErrorOccurred  stm32l0xx_hal_i2c.o
    0x080024f0   0x080024f0   0x000000fa   Code   RO          317    .text.I2C_WaitOnFlagUntilTimeout  stm32l0xx_hal_i2c.o
    0x080025ea   0x080025ea   0x00000086   Code   RO          321    .text.I2C_WaitOnSTOPFlagUntilTimeout  stm32l0xx_hal_i2c.o
    0x08002670   0x08002670   0x000000a6   Code   RO          319    .text.I2C_WaitOnTXISFlagUntilTimeout  stm32l0xx_hal_i2c.o
    0x08002716   0x08002716   0x00000002   PAD
    0x08002718   0x08002718   0x00000070   Code   RO           48    .text.MX_ADC_Init   adc.o
    0x08002788   0x08002788   0x000000b8   Code   RO           40    .text.MX_GPIO_Init  gpio.o
    0x08002840   0x08002840   0x00000054   Code   RO           63    .text.MX_I2C1_Init  i2c.o
    0x08002894   0x08002894   0x0000002c   Code   RO           78    .text.MX_IWDG_Init  iwdg.o
    0x080028c0   0x080028c0   0x00000040   Code   RO           87    .text.MX_SPI1_Init  spi.o
    0x08002900   0x08002900   0x00000060   Code   RO          104    .text.MX_TIM21_Init  tim.o
    0x08002960   0x08002960   0x00000068   Code   RO          102    .text.MX_TIM2_Init  tim.o
    0x080029c8   0x080029c8   0x00000002   Code   RO          124    .text.NMI_Handler   stm32l0xx_it.o
    0x080029ca   0x080029ca   0x00000002   PAD
    0x080029cc   0x080029cc   0x0000015c   Code   RO         1167    .text.OLED_Clear    oled.o
    0x08002b28   0x08002b28   0x00000208   Code   RO         1165    .text.OLED_Init     oled.o
    0x08002d30   0x08002d30   0x000001f8   Code   RO         1173    .text.OLED_PutChar  oled.o
    0x08002f28   0x08002f28   0x00000094   Code   RO         1171    .text.OLED_ShowDot  oled.o
    0x08002fbc   0x08002fbc   0x000001ec   Code   RO         1169    .text.OLED_ShowNum32  oled.o
    0x080031a8   0x080031a8   0x00000024   Code   RO         1161    .text.OLED_WriteCmd  oled.o
    0x080031cc   0x080031cc   0x00000002   Code   RO          130    .text.PendSV_Handler  stm32l0xx_it.o
    0x080031ce   0x080031ce   0x00000002   PAD
    0x080031d0   0x080031d0   0x00000114   Code   RO          904    .text.SPI_WaitFlagStateUntilTimeout  stm32l0xx_hal_spi.o
    0x080032e4   0x080032e4   0x00000002   Code   RO          128    .text.SVC_Handler   stm32l0xx_it.o
    0x080032e6   0x080032e6   0x00000008   Code   RO          132    .text.SysTick_Handler  stm32l0xx_it.o
    0x080032ee   0x080032ee   0x00000002   PAD
    0x080032f0   0x080032f0   0x000000a4   Code   RO           13    .text.SystemClock_Config  main.o
    0x08003394   0x08003394   0x00000002   Code   RO         1145    .text.SystemInit    system_stm32l0xx.o
    0x08003396   0x08003396   0x00000002   PAD
    0x08003398   0x08003398   0x0000000c   Code   RO          136    .text.TIM2_IRQHandler  stm32l0xx_it.o
    0x080033a4   0x080033a4   0x00000108   Code   RO           11    .text.main          main.o
    0x080034ac   0x080034ac   0x000000e0   Code   RO           15    .text.power_handler  main.o
    0x0800358c   0x0800358c   0x000000c0   Code   RO         1198    .text.resistor_calculate  resistor_calculate.o
    0x0800364c   0x0800364c   0x0000001c   Code   RO         1185    .text.wheel_init    wheel.o
    0x08003668   0x08003668   0x00000100   Code   RO         1187    .text.wheel_update  wheel.o
    0x08003768   0x08003768   0x000001f6   Code   RO         1219    .text_divfast       c_p.l(aeabi_sdivfast.o)
    0x0800395e   0x0800395e   0x00000010   Data   RO         1150    .rodata.AHBPrescTable  system_stm32l0xx.o
    0x0800396e   0x0800396e   0x000000c0   Data   RO         1176    .rodata.OLED_PutChar.font32  oled.o
    0x08003a2e   0x08003a2e   0x00000280   Data   RO         1175    .rodata.OLED_ShowNum32.font32  oled.o
    0x08003cae   0x08003cae   0x00000009   Data   RO         1152    .rodata.PLLMulTable  system_stm32l0xx.o
    0x08003cb7   0x08003cb7   0x00000001   PAD
    0x08003cb8   0x08003cb8   0x00000044   Data   RO         1201    .rodata._ZZ18resistor_calculateE4list  resistor_calculate.o
    0x08003cfc   0x08003cfc   0x00000020   Data   RO         1410    Region$$Table       anon$$obj.o


    Execution Region RW_IRAM1 (Exec base: 0x20000000, Load base: 0x08003d20, Size: 0x00000640, Max: 0x00000800, ABSOLUTE)

    Exec Addr    Load Addr    Size         Type   Attr      Idx    E Section Name        Object

    0x20000000   0x08003d20   0x00000008   Data   RW          298    .data..L_MergedGlobals  stm32l0xx_hal.o
    0x20000008   0x08003d28   0x00000004   Data   RW         1149    .data.SystemCoreClock  system_stm32l0xx.o
    0x2000000c   0x08003d2c   0x00000001   Data   RW           29    .data.data          main.o
    0x2000000d   0x08003d2d   0x00000003   PAD
    0x20000010        -       0x00000060   Zero   RW         1274    .bss                c_p.l(libspace.o)
    0x20000070        -       0x0000000c   Zero   RW           31    .bss..L_MergedGlobals  main.o
    0x2000007c   0x08003d2d   0x00000004   PAD
    0x20000080        -       0x00000020   Zero   RW         1189    .bss..L_MergedGlobals  wheel.o
    0x200000a0        -       0x00000004   Zero   RW         1200    .bss._ZZ18resistor_calculateE13volt_reserved  resistor_calculate.o
    0x200000a4        -       0x0000005c   Zero   RW           54    .bss.hadc           adc.o
    0x20000100        -       0x00000054   Zero   RW           69    .bss.hi2c1          i2c.o
    0x20000154        -       0x00000010   Zero   RW           80    .bss.hiwdg          iwdg.o
    0x20000164        -       0x00000058   Zero   RW           93    .bss.hspi1          spi.o
    0x200001bc        -       0x00000040   Zero   RW          114    .bss.htim2          tim.o
    0x200001fc        -       0x00000040   Zero   RW          115    .bss.htim21         tim.o
    0x2000023c        -       0x00000004   Zero   RW          297    .bss.uwTick         stm32l0xx_hal.o
    0x20000240        -       0x00000000   Zero   RW            2    HEAP                startup_stm32l010x4.o
    0x20000240        -       0x00000400   Zero   RW            1    STACK               startup_stm32l010x4.o


==============================================================================

Image component sizes


      Code (inc. data)   RO Data    RW Data    ZI Data      Debug   Object Name

       200         20          0          0         92       4699   adc.o
       184         12          0          0          0       2321   gpio.o
       176         16          0          0         84       4850   i2c.o
        44         12          0          0         16       1176   iwdg.o
       724         36          0          1         12       7244   main.o
      2048         32        832          0          0      10628   oled.o
       192         28         68          0          4       2266   resistor_calculate.o
       156         16          0          0         88       4503   spi.o
       112         52        192          0       1024        652   startup_stm32l010x4.o
       176         20          0          8          4       6549   stm32l0xx_hal.o
       564         24          0          0          0      14175   stm32l0xx_hal_adc.o
       132         24          0          0          0       5267   stm32l0xx_hal_cortex.o
       452         24          0          0          0       5112   stm32l0xx_hal_gpio.o
      1574         32          0          0          0      68776   stm32l0xx_hal_i2c.o
       132          0          0          0          0       4390   stm32l0xx_hal_i2c_ex.o
       112         12          0          0          0       1766   stm32l0xx_hal_iwdg.o
        24          4          0          0          0       1083   stm32l0xx_hal_msp.o
      1844         96          0          0          0       9130   stm32l0xx_hal_rcc.o
       428          8          0          0          0       4737   stm32l0xx_hal_rcc_ex.o
      1100         12          0          0          0      25604   stm32l0xx_hal_spi.o
      1378         24          0          0          0      56210   stm32l0xx_hal_tim.o
        72          0          0          0          0       4374   stm32l0xx_hal_tim_ex.o
        40          0          0          0          0       1763   stm32l0xx_it.o
         2          0         25          4          0       2099   system_stm32l0xx.o
       340         36          0          0        128       7113   tim.o
       284         28          0          0         32       1048   wheel.o

    ----------------------------------------------------------------------
     12502        568       1150         16       1488     257535   Object Totals
         0          0         32          0          0          0   (incl. Generated)
        12          0          1          3          4          0   (incl. Padding)

    ----------------------------------------------------------------------

      Code (inc. data)   RO Data    RW Data    ZI Data      Debug   Library Member Name

         8          0          0          0          0         68   __main.o
         0          0          0          0          0          0   __rtentry.o
        12          0          0          0          0          0   __rtentry2.o
         6          0          0          0          0          0   __rtentry4.o
        86         10          0          0          0          0   __scatter.o
        26          0          0          0          0          0   __scatter_copy.o
        28          0          0          0          0          0   __scatter_zi.o
      1006          4          0          0          0        184   aeabi_sdivfast.o
        16          0          0          0          0         68   exit.o
         6          0          0          0          0        136   heapauxi.o
         0          0          0          0          0          0   indicate_semi.o
         2          0          0          0          0          0   libinit.o
         2          0          0          0          0          0   libinit2.o
         2          0          0          0          0          0   libshutdown.o
         2          0          0          0          0          0   libshutdown2.o
         8          4          0          0         96         68   libspace.o
       166          0          0          0          0         72   llsdiv.o
       272          0          0          0          0         88   lludiv.o
        64          0          0          0          0        108   rt_memclr.o
       186          0          0          0          0        144   rt_memcpy.o
         2          0          0          0          0          0   rtexit.o
        10          0          0          0          0          0   rtexit2.o
        12          4          0          0          0         60   sys_exit.o
        62          0          0          0          0         80   sys_stackheap_outer.o
         2          0          0          0          0         68   use_no_semi.o

    ----------------------------------------------------------------------
      1992         22          0          0         96       1144   Library Totals
         6          0          0          0          0          0   (incl. Padding)

    ----------------------------------------------------------------------

      Code (inc. data)   RO Data    RW Data    ZI Data      Debug   Library Name

      1986         22          0          0         96       1144   c_p.l

    ----------------------------------------------------------------------
      1992         22          0          0         96       1144   Library Totals

    ----------------------------------------------------------------------

==============================================================================


      Code (inc. data)   RO Data    RW Data    ZI Data      Debug   

     14494        590       1150         16       1584     257843   Grand Totals
     14494        590       1150         16       1584     257843   ELF Image Totals
     14494        590       1150         16          0          0   ROM Totals

==============================================================================

    Total RO  Size (Code + RO Data)                15644 (  15.28kB)
    Total RW  Size (RW Data + ZI Data)              1600 (   1.56kB)
    Total ROM Size (Code + RO Data + RW Data)      15660 (  15.29kB)

==============================================================================

